mode: set
task-platform/internal/gateway/middleware/accesslog.go:10.52,11.30 1 1
task-platform/internal/gateway/middleware/accesslog.go:11.30,23.3 3 1
task-platform/internal/gateway/middleware/auth.go:15.94,17.32 2 1
task-platform/internal/gateway/middleware/auth.go:17.32,19.3 1 1
task-platform/internal/gateway/middleware/auth.go:21.2,21.30 1 1
task-platform/internal/gateway/middleware/auth.go:21.30,22.36 1 1
task-platform/internal/gateway/middleware/auth.go:22.36,25.4 2 1
task-platform/internal/gateway/middleware/auth.go:27.3,28.68 2 1
task-platform/internal/gateway/middleware/auth.go:28.68,32.4 3 1
task-platform/internal/gateway/middleware/auth.go:34.3,36.17 3 1
task-platform/internal/gateway/middleware/auth.go:36.17,40.4 3 1
task-platform/internal/gateway/middleware/auth.go:42.3,42.17 1 1
task-platform/internal/gateway/middleware/auth.go:42.17,45.18 3 0
task-platform/internal/gateway/middleware/auth.go:45.18,49.5 3 0
task-platform/internal/gateway/middleware/auth.go:50.4,50.18 1 0
task-platform/internal/gateway/middleware/auth.go:50.18,54.5 3 0
task-platform/internal/gateway/middleware/auth.go:57.3,68.11 10 1
task-platform/internal/gateway/middleware/context.go:18.44,21.2 2 1
task-platform/internal/gateway/middleware/context.go:23.46,26.2 2 1
task-platform/internal/gateway/middleware/context.go:28.41,31.2 2 1
task-platform/internal/gateway/middleware/context.go:33.47,36.2 2 1
task-platform/internal/gateway/middleware/context.go:38.52,41.2 2 1
task-platform/internal/gateway/middleware/cors.go:7.29,8.30 1 1
task-platform/internal/gateway/middleware/cors.go:8.30,14.36 5 1
task-platform/internal/gateway/middleware/cors.go:14.36,17.4 2 1
task-platform/internal/gateway/middleware/cors.go:19.3,19.11 1 1
task-platform/internal/gateway/middleware/ratelimit.go:7.38,8.30 1 1
task-platform/internal/gateway/middleware/ratelimit.go:8.30,10.3 1 1
task-platform/internal/gateway/middleware/ratelimit.go:13.40,14.30 1 1
task-platform/internal/gateway/middleware/ratelimit.go:14.30,16.3 1 1
task-platform/internal/gateway/middleware/requestid.go:12.34,13.30 1 1
task-platform/internal/gateway/middleware/requestid.go:13.30,15.18 2 1
task-platform/internal/gateway/middleware/requestid.go:15.18,17.4 1 1
task-platform/internal/gateway/middleware/requestid.go:18.3,24.11 5 1
task-platform/internal/gateway/rpc/client.go:23.110,25.16 2 1
task-platform/internal/gateway/rpc/client.go:25.16,27.3 1 0
task-platform/internal/gateway/rpc/client.go:29.2,30.16 2 1
task-platform/internal/gateway/rpc/client.go:30.16,33.3 2 0
task-platform/internal/gateway/rpc/client.go:35.2,40.8 1 1
task-platform/internal/gateway/rpc/client.go:43.65,44.153 1 1
task-platform/internal/gateway/rpc/client.go:44.153,46.16 2 1
task-platform/internal/gateway/rpc/client.go:46.16,48.4 1 1
task-platform/internal/gateway/rpc/client.go:49.3,51.57 2 1
task-platform/internal/gateway/rpc/client.go:51.57,53.4 1 1
task-platform/internal/gateway/rpc/client.go:54.3,54.56 1 1
task-platform/internal/gateway/rpc/client.go:54.56,57.4 2 1
task-platform/internal/gateway/rpc/client.go:59.3,59.88 1 1
task-platform/internal/gateway/rpc/client.go:62.2,65.3 1 1
task-platform/internal/gateway/rpc/client.go:68.33,69.43 1 1
task-platform/internal/gateway/rpc/client.go:69.43,72.3 2 1
task-platform/internal/gateway/rpc/client.go:73.2,73.27 1 1
task-platform/internal/gateway/handler/auth.go:21.90,23.2 1 1
task-platform/internal/gateway/handler/auth.go:25.48,27.47 2 1
task-platform/internal/gateway/handler/auth.go:27.47,31.3 3 1
task-platform/internal/gateway/handler/auth.go:33.2,34.16 2 1
task-platform/internal/gateway/handler/auth.go:34.16,37.3 2 0
task-platform/internal/gateway/handler/auth.go:39.2,44.4 1 1
task-platform/internal/gateway/handler/auth.go:47.45,49.47 2 1
task-platform/internal/gateway/handler/auth.go:49.47,53.3 3 0
task-platform/internal/gateway/handler/auth.go:55.2,56.16 2 1
task-platform/internal/gateway/handler/auth.go:56.16,59.3 2 1
task-platform/internal/gateway/handler/auth.go:61.2,66.4 1 1
task-platform/internal/gateway/handler/auth.go:69.46,74.13 4 1
task-platform/internal/gateway/handler/auth.go:74.13,79.70 4 1
task-platform/internal/gateway/handler/auth.go:79.70,83.4 3 0
task-platform/internal/gateway/handler/auth.go:86.2,86.95 1 1
task-platform/internal/gateway/handler/error.go:13.49,15.9 2 1
task-platform/internal/gateway/handler/error.go:15.9,19.3 3 0
task-platform/internal/gateway/handler/error.go:21.2,25.4 1 1
task-platform/internal/gateway/handler/project.go:18.77,20.2 1 1
task-platform/internal/gateway/handler/project.go:22.49,24.47 2 1
task-platform/internal/gateway/handler/project.go:24.47,29.3 2 1
task-platform/internal/gateway/handler/project.go:31.2,32.16 2 1
task-platform/internal/gateway/handler/project.go:32.16,35.3 2 1
task-platform/internal/gateway/handler/project.go:37.2,42.4 1 1
task-platform/internal/gateway/handler/project.go:45.47,55.16 5 1
task-platform/internal/gateway/handler/project.go:55.16,58.3 2 0
task-platform/internal/gateway/handler/project.go:60.2,65.4 1 1
task-platform/internal/gateway/handler/project.go:68.46,74.16 3 1
task-platform/internal/gateway/handler/project.go:74.16,77.3 2 1
task-platform/internal/gateway/handler/project.go:79.2,84.4 1 1
task-platform/internal/gateway/handler/project.go:87.49,91.47 3 1
task-platform/internal/gateway/handler/project.go:91.47,96.3 2 1
task-platform/internal/gateway/handler/project.go:97.2,100.16 3 1
task-platform/internal/gateway/handler/project.go:100.16,103.3 2 0
task-platform/internal/gateway/handler/project.go:105.2,110.4 1 1
task-platform/internal/gateway/handler/project.go:113.50,119.16 3 1
task-platform/internal/gateway/handler/project.go:119.16,122.3 2 1
task-platform/internal/gateway/handler/project.go:124.2,129.4 1 1
task-platform/internal/gateway/handler/project.go:132.52,138.16 3 1
task-platform/internal/gateway/handler/project.go:138.16,141.3 2 0
task-platform/internal/gateway/handler/project.go:143.2,148.4 1 1
task-platform/internal/gateway/handler/project.go:151.51,155.47 3 1
task-platform/internal/gateway/handler/project.go:155.47,160.3 2 1
task-platform/internal/gateway/handler/project.go:161.2,164.16 3 1
task-platform/internal/gateway/handler/project.go:164.16,167.3 2 0
task-platform/internal/gateway/handler/project.go:169.2,174.4 1 1
task-platform/internal/gateway/handler/project.go:177.52,181.47 3 1
task-platform/internal/gateway/handler/project.go:181.47,186.3 2 1
task-platform/internal/gateway/handler/project.go:187.2,190.16 3 1
task-platform/internal/gateway/handler/project.go:190.16,193.3 2 0
task-platform/internal/gateway/handler/project.go:195.2,200.4 1 1
task-platform/internal/gateway/handler/project.go:203.54,209.16 3 1
task-platform/internal/gateway/handler/project.go:209.16,212.3 2 0
task-platform/internal/gateway/handler/project.go:214.2,219.4 1 1
task-platform/internal/gateway/handler/project.go:222.59,227.47 4 1
task-platform/internal/gateway/handler/project.go:227.47,232.3 2 1
task-platform/internal/gateway/handler/project.go:233.2,237.16 4 1
task-platform/internal/gateway/handler/project.go:237.16,240.3 2 0
task-platform/internal/gateway/handler/project.go:242.2,247.4 1 1
task-platform/internal/gateway/handler/project.go:250.55,258.16 4 1
task-platform/internal/gateway/handler/project.go:258.16,261.3 2 0
task-platform/internal/gateway/handler/project.go:263.2,268.4 1 1
task-platform/internal/gateway/handler/project.go:271.48,277.16 3 1
task-platform/internal/gateway/handler/project.go:277.16,280.3 2 1
task-platform/internal/gateway/handler/project.go:282.2,287.4 1 1
task-platform/internal/gateway/handler/user.go:17.71,19.2 1 1
task-platform/internal/gateway/handler/user.go:21.42,27.16 3 1
task-platform/internal/gateway/handler/user.go:27.16,30.3 2 0
task-platform/internal/gateway/handler/user.go:32.2,37.4 1 1
task-platform/internal/gateway/server/server.go:29.29,38.2 1 1
task-platform/internal/gateway/server/server.go:40.119,41.72 1 1
task-platform/internal/gateway/server/server.go:41.72,43.3 1 1
task-platform/internal/gateway/server/server.go:44.2,44.80 1 1
task-platform/internal/gateway/server/server.go:44.80,46.3 1 1
task-platform/internal/gateway/server/server.go:48.2,49.16 2 1
task-platform/internal/gateway/server/server.go:49.16,51.3 1 0
task-platform/internal/gateway/server/server.go:53.2,54.16 2 1
task-platform/internal/gateway/server/server.go:54.16,56.3 1 0
task-platform/internal/gateway/server/server.go:58.2,79.2 14 1
task-platform/internal/gateway/server/server.go:79.2,81.3 2 1
task-platform/internal/gateway/server/server.go:81.3,85.4 3 1
task-platform/internal/gateway/server/server.go:86.3,87.3 2 1
task-platform/internal/gateway/server/server.go:87.3,89.4 1 1
task-platform/internal/gateway/server/server.go:90.3,91.3 2 1
task-platform/internal/gateway/server/server.go:91.3,104.4 12 1
task-platform/internal/gateway/server/server.go:107.2,107.26 1 1
task-platform/internal/gateway/server/server.go:107.26,108.41 1 1
task-platform/internal/gateway/server/server.go:108.41,110.4 1 0
task-platform/internal/gateway/server/server.go:111.3,111.21 1 1
task-platform/internal/gateway/server/server.go:114.2,114.29 1 1
task-platform/internal/gateway/server/server.go:117.59,118.17 1 1
task-platform/internal/gateway/server/server.go:118.17,120.3 1 1
task-platform/internal/gateway/server/server.go:121.2,121.106 1 1
task-platform/internal/gateway/server/server.go:121.106,123.3 1 1
task-platform/internal/gateway/server/server.go:124.2,124.25 1 1
task-platform/internal/gateway/server/server.go:124.25,126.3 1 1
task-platform/internal/gateway/server/server.go:127.2,127.12 1 1
task-platform/internal/gateway/server/server.go:130.50,131.34 1 1
task-platform/internal/gateway/server/server.go:131.34,133.3 1 1
task-platform/internal/gateway/server/server.go:134.2,134.19 1 1
