mode: set
task-platform/internal/task/service/context.go:12.44,15.2 2 1
task-platform/internal/task/service/context.go:17.46,20.2 2 1
task-platform/internal/task/service/context.go:22.69,24.2 1 1
task-platform/internal/task/service/context.go:26.73,28.2 1 1
task-platform/internal/task/service/service.go:46.70,48.2 1 1
task-platform/internal/task/service/service.go:50.131,52.20 2 1
task-platform/internal/task/service/service.go:52.20,54.3 1 1
task-platform/internal/task/service/service.go:56.2,57.16 2 1
task-platform/internal/task/service/service.go:57.16,59.3 1 1
task-platform/internal/task/service/service.go:60.2,60.77 1 1
task-platform/internal/task/service/service.go:63.131,65.16 2 1
task-platform/internal/task/service/service.go:65.16,67.3 1 0
task-platform/internal/task/service/service.go:68.2,68.77 1 1
task-platform/internal/task/service/service.go:71.134,73.16 2 1
task-platform/internal/task/service/service.go:73.16,75.3 1 0
task-platform/internal/task/service/service.go:76.2,76.78 1 1
task-platform/internal/task/service/service.go:79.140,81.16 2 1
task-platform/internal/task/service/service.go:81.16,83.3 1 0
task-platform/internal/task/service/service.go:84.2,84.80 1 1
task-platform/internal/task/service/service.go:87.164,89.16 2 1
task-platform/internal/task/service/service.go:89.16,91.3 1 0
task-platform/internal/task/service/service.go:92.2,92.88 1 1
task-platform/internal/task/service/service.go:95.128,97.16 2 1
task-platform/internal/task/service/service.go:97.16,99.3 1 0
task-platform/internal/task/service/service.go:100.2,101.29 2 1
task-platform/internal/task/service/service.go:101.29,103.3 1 1
task-platform/internal/task/service/service.go:104.2,104.67 1 1
task-platform/internal/task/service/service.go:107.122,109.16 2 1
task-platform/internal/task/service/service.go:109.16,111.3 1 1
task-platform/internal/task/service/service.go:112.2,112.74 1 1
task-platform/internal/task/service/service.go:115.140,117.16 2 1
task-platform/internal/task/service/service.go:117.16,119.3 1 0
task-platform/internal/task/service/service.go:120.2,120.77 1 1
task-platform/internal/task/service/service.go:123.149,125.16 2 1
task-platform/internal/task/service/service.go:125.16,127.3 1 0
task-platform/internal/task/service/service.go:128.2,128.80 1 1
task-platform/internal/task/service/service.go:131.161,133.16 2 1
task-platform/internal/task/service/service.go:133.16,135.3 1 0
task-platform/internal/task/service/service.go:136.2,136.84 1 1
task-platform/internal/task/service/service.go:139.128,141.16 2 1
task-platform/internal/task/service/service.go:141.16,143.3 1 0
task-platform/internal/task/service/service.go:144.2,144.73 1 1
task-platform/internal/task/service/service.go:147.146,149.16 2 1
task-platform/internal/task/service/service.go:149.16,151.3 1 0
task-platform/internal/task/service/service.go:152.2,153.28 2 1
task-platform/internal/task/service/service.go:153.28,155.3 1 1
task-platform/internal/task/service/service.go:156.2,156.71 1 1
task-platform/internal/task/service/service.go:159.146,161.16 2 1
task-platform/internal/task/service/service.go:161.16,163.3 1 1
task-platform/internal/task/service/service.go:164.2,164.80 1 1
task-platform/internal/task/service/service.go:167.46,169.2 1 1
task-platform/internal/task/service/service.go:171.54,180.2 1 1
task-platform/internal/task/service/service.go:182.65,189.2 1 1
task-platform/internal/task/service/service.go:191.45,202.25 2 0
task-platform/internal/task/service/service.go:202.25,204.3 1 0
task-platform/internal/task/service/service.go:205.2,205.22 1 0
task-platform/internal/task/service/service.go:205.22,207.3 1 0
task-platform/internal/task/service/service.go:208.2,208.13 1 0
task-platform/internal/task/service/service.go:211.122,213.16 2 0
task-platform/internal/task/service/service.go:213.16,215.3 1 0
task-platform/internal/task/service/service.go:216.2,216.65 1 0
task-platform/internal/task/service/service.go:219.122,221.16 2 0
task-platform/internal/task/service/service.go:221.16,223.3 1 0
task-platform/internal/task/service/service.go:224.2,224.65 1 0
task-platform/internal/task/service/service.go:227.122,229.16 2 0
task-platform/internal/task/service/service.go:229.16,231.3 1 0
task-platform/internal/task/service/service.go:232.2,232.65 1 0
task-platform/internal/task/service/service.go:235.113,237.16 2 0
task-platform/internal/task/service/service.go:237.16,239.3 1 0
task-platform/internal/task/service/service.go:240.2,240.62 1 0
task-platform/internal/task/service/service.go:243.119,250.21 2 0
task-platform/internal/task/service/service.go:250.21,252.3 1 0
task-platform/internal/task/service/service.go:253.2,254.16 2 0
task-platform/internal/task/service/service.go:254.16,256.3 1 0
task-platform/internal/task/service/service.go:257.2,258.26 2 0
task-platform/internal/task/service/service.go:258.26,260.3 1 0
task-platform/internal/task/service/service.go:261.2,261.82 1 0
task-platform/internal/task/service/service.go:264.122,266.16 2 0
task-platform/internal/task/service/service.go:266.16,268.3 1 0
task-platform/internal/task/service/service.go:269.2,269.65 1 0
task-platform/internal/task/service/service.go:272.140,274.16 2 0
task-platform/internal/task/service/service.go:274.16,276.3 1 0
task-platform/internal/task/service/service.go:277.2,277.71 1 0
