mode: set
task-platform/pkg/xgrpc/server.go:15.47,21.22 5 1
task-platform/pkg/xgrpc/server.go:21.22,23.3 1 1
task-platform/pkg/xgrpc/server.go:25.2,28.3 1 1
task-platform/internal/gateway/middleware/accesslog.go:10.52,11.30 1 1
task-platform/internal/gateway/middleware/accesslog.go:11.30,23.3 3 1
task-platform/internal/gateway/middleware/auth.go:15.94,17.32 2 1
task-platform/internal/gateway/middleware/auth.go:17.32,19.3 1 1
task-platform/internal/gateway/middleware/auth.go:21.2,21.30 1 1
task-platform/internal/gateway/middleware/auth.go:21.30,22.36 1 1
task-platform/internal/gateway/middleware/auth.go:22.36,25.4 2 1
task-platform/internal/gateway/middleware/auth.go:27.3,28.68 2 1
task-platform/internal/gateway/middleware/auth.go:28.68,32.4 3 1
task-platform/internal/gateway/middleware/auth.go:34.3,36.17 3 1
task-platform/internal/gateway/middleware/auth.go:36.17,40.4 3 1
task-platform/internal/gateway/middleware/auth.go:42.3,42.17 1 1
task-platform/internal/gateway/middleware/auth.go:42.17,45.18 3 0
task-platform/internal/gateway/middleware/auth.go:45.18,49.5 3 0
task-platform/internal/gateway/middleware/auth.go:50.4,50.18 1 0
task-platform/internal/gateway/middleware/auth.go:50.18,54.5 3 0
task-platform/internal/gateway/middleware/auth.go:57.3,68.11 10 1
task-platform/internal/gateway/middleware/context.go:18.44,21.2 2 1
task-platform/internal/gateway/middleware/context.go:23.46,26.2 2 1
task-platform/internal/gateway/middleware/context.go:28.41,31.2 2 1
task-platform/internal/gateway/middleware/context.go:33.47,36.2 2 1
task-platform/internal/gateway/middleware/context.go:38.52,41.2 2 1
task-platform/internal/gateway/middleware/cors.go:7.29,8.30 1 1
task-platform/internal/gateway/middleware/cors.go:8.30,14.36 5 1
task-platform/internal/gateway/middleware/cors.go:14.36,17.4 2 1
task-platform/internal/gateway/middleware/cors.go:19.3,19.11 1 1
task-platform/internal/gateway/middleware/ratelimit.go:7.38,8.30 1 1
task-platform/internal/gateway/middleware/ratelimit.go:8.30,10.3 1 1
task-platform/internal/gateway/middleware/ratelimit.go:13.40,14.30 1 1
task-platform/internal/gateway/middleware/ratelimit.go:14.30,16.3 1 1
task-platform/internal/gateway/middleware/requestid.go:12.34,13.30 1 1
task-platform/internal/gateway/middleware/requestid.go:13.30,15.18 2 1
task-platform/internal/gateway/middleware/requestid.go:15.18,17.4 1 1
task-platform/internal/gateway/middleware/requestid.go:18.3,24.11 5 1
task-platform/pkg/xerr/codes.go:43.44,45.2 1 1
task-platform/pkg/xerr/codes.go:47.32,49.2 1 1
task-platform/pkg/xerr/codes.go:51.45,53.2 1 1
task-platform/pkg/xerr/codes.go:55.60,58.2 2 1
task-platform/pkg/xerr/codes.go:60.48,61.18 1 1
task-platform/pkg/xerr/codes.go:62.16,63.13 1 1
task-platform/pkg/xerr/codes.go:64.29,65.13 1 1
task-platform/pkg/xerr/codes.go:66.29,67.13 1 1
task-platform/pkg/xerr/codes.go:68.30,69.13 1 1
task-platform/pkg/xerr/codes.go:70.22,71.13 1 1
task-platform/pkg/xerr/codes.go:72.27,73.13 1 1
task-platform/pkg/xerr/codes.go:74.32,75.13 1 1
task-platform/pkg/xerr/codes.go:76.21,77.13 1 1
task-platform/pkg/xerr/codes.go:78.31,79.13 1 1
task-platform/pkg/xerr/codes.go:80.22,81.13 1 1
task-platform/pkg/xerr/codes.go:82.25,83.13 1 1
task-platform/pkg/xerr/codes.go:84.30,85.13 1 1
task-platform/pkg/xerr/codes.go:86.10,87.13 1 1
task-platform/pkg/xerr/codes.go:91.44,92.14 1 1
task-platform/pkg/xerr/codes.go:93.14,94.18 1 1
task-platform/pkg/xerr/codes.go:95.27,96.31 1 1
task-platform/pkg/xerr/codes.go:97.27,98.31 1 1
task-platform/pkg/xerr/codes.go:99.28,100.32 1 1
task-platform/pkg/xerr/codes.go:101.20,102.24 1 1
task-platform/pkg/xerr/codes.go:103.25,104.29 1 1
task-platform/pkg/xerr/codes.go:105.30,106.34 1 1
task-platform/pkg/xerr/codes.go:107.19,108.23 1 1
task-platform/pkg/xerr/codes.go:109.29,110.33 1 1
task-platform/pkg/xerr/codes.go:111.20,112.24 1 1
task-platform/pkg/xerr/codes.go:113.23,114.27 1 1
task-platform/pkg/xerr/codes.go:115.28,116.32 1 1
task-platform/pkg/xerr/codes.go:117.10,118.24 1 1
task-platform/pkg/xerr/codes.go:122.49,123.19 1 1
task-platform/pkg/xerr/codes.go:124.16,125.16 1 1
task-platform/pkg/xerr/codes.go:126.29,127.29 1 1
task-platform/pkg/xerr/codes.go:128.29,129.29 1 1
task-platform/pkg/xerr/codes.go:130.30,131.30 1 1
task-platform/pkg/xerr/codes.go:132.22,133.22 1 1
task-platform/pkg/xerr/codes.go:134.27,135.27 1 1
task-platform/pkg/xerr/codes.go:136.32,137.32 1 1
task-platform/pkg/xerr/codes.go:138.21,139.21 1 1
task-platform/pkg/xerr/codes.go:140.31,141.31 1 1
task-platform/pkg/xerr/codes.go:142.22,143.22 1 1
task-platform/pkg/xerr/codes.go:144.25,145.25 1 1
task-platform/pkg/xerr/codes.go:146.30,147.30 1 1
task-platform/pkg/xerr/codes.go:148.10,149.22 1 1
task-platform/pkg/xerr/codes.go:153.64,154.16 1 1
task-platform/pkg/xerr/codes.go:154.16,160.3 1 1
task-platform/pkg/xerr/codes.go:162.2,163.24 2 1
task-platform/pkg/xerr/codes.go:163.24,169.3 1 1
task-platform/pkg/xerr/codes.go:171.2,172.8 2 1
task-platform/pkg/xerr/codes.go:172.8,178.3 1 1
task-platform/pkg/xerr/codes.go:180.2,184.3 1 1
task-platform/internal/task/service/context.go:12.44,15.2 2 1
task-platform/internal/task/service/context.go:17.46,20.2 2 1
task-platform/internal/task/service/context.go:22.69,24.2 1 1
task-platform/internal/task/service/context.go:26.73,28.2 1 1
task-platform/internal/task/service/service.go:46.70,48.2 1 1
task-platform/internal/task/service/service.go:50.131,52.20 2 1
task-platform/internal/task/service/service.go:52.20,54.3 1 1
task-platform/internal/task/service/service.go:56.2,57.16 2 1
task-platform/internal/task/service/service.go:57.16,59.3 1 1
task-platform/internal/task/service/service.go:60.2,60.77 1 1
task-platform/internal/task/service/service.go:63.131,65.16 2 1
task-platform/internal/task/service/service.go:65.16,67.3 1 0
task-platform/internal/task/service/service.go:68.2,68.77 1 1
task-platform/internal/task/service/service.go:71.134,73.16 2 1
task-platform/internal/task/service/service.go:73.16,75.3 1 0
task-platform/internal/task/service/service.go:76.2,76.78 1 1
task-platform/internal/task/service/service.go:79.140,81.16 2 1
task-platform/internal/task/service/service.go:81.16,83.3 1 0
task-platform/internal/task/service/service.go:84.2,84.80 1 1
task-platform/internal/task/service/service.go:87.164,89.16 2 1
task-platform/internal/task/service/service.go:89.16,91.3 1 0
task-platform/internal/task/service/service.go:92.2,92.88 1 1
task-platform/internal/task/service/service.go:95.128,97.16 2 1
task-platform/internal/task/service/service.go:97.16,99.3 1 0
task-platform/internal/task/service/service.go:100.2,101.29 2 1
task-platform/internal/task/service/service.go:101.29,103.3 1 1
task-platform/internal/task/service/service.go:104.2,104.67 1 1
task-platform/internal/task/service/service.go:107.122,109.16 2 1
task-platform/internal/task/service/service.go:109.16,111.3 1 1
task-platform/internal/task/service/service.go:112.2,112.74 1 1
task-platform/internal/task/service/service.go:115.140,117.16 2 1
task-platform/internal/task/service/service.go:117.16,119.3 1 0
task-platform/internal/task/service/service.go:120.2,120.77 1 1
task-platform/internal/task/service/service.go:123.149,125.16 2 1
task-platform/internal/task/service/service.go:125.16,127.3 1 0
task-platform/internal/task/service/service.go:128.2,128.80 1 1
task-platform/internal/task/service/service.go:131.161,133.16 2 1
task-platform/internal/task/service/service.go:133.16,135.3 1 0
task-platform/internal/task/service/service.go:136.2,136.84 1 1
task-platform/internal/task/service/service.go:139.128,141.16 2 1
task-platform/internal/task/service/service.go:141.16,143.3 1 0
task-platform/internal/task/service/service.go:144.2,144.73 1 1
task-platform/internal/task/service/service.go:147.146,149.16 2 1
task-platform/internal/task/service/service.go:149.16,151.3 1 0
task-platform/internal/task/service/service.go:152.2,153.28 2 1
task-platform/internal/task/service/service.go:153.28,155.3 1 1
task-platform/internal/task/service/service.go:156.2,156.71 1 1
task-platform/internal/task/service/service.go:159.146,161.16 2 1
task-platform/internal/task/service/service.go:161.16,163.3 1 1
task-platform/internal/task/service/service.go:164.2,164.80 1 1
task-platform/internal/task/service/service.go:167.46,169.2 1 1
task-platform/internal/task/service/service.go:171.54,180.2 1 1
task-platform/internal/task/service/service.go:182.65,189.2 1 1
task-platform/internal/task/service/service.go:191.45,202.25 2 0
task-platform/internal/task/service/service.go:202.25,204.3 1 0
task-platform/internal/task/service/service.go:205.2,205.22 1 0
task-platform/internal/task/service/service.go:205.22,207.3 1 0
task-platform/internal/task/service/service.go:208.2,208.13 1 0
task-platform/internal/task/service/service.go:211.122,213.16 2 0
task-platform/internal/task/service/service.go:213.16,215.3 1 0
task-platform/internal/task/service/service.go:216.2,216.65 1 0
task-platform/internal/task/service/service.go:219.122,221.16 2 0
task-platform/internal/task/service/service.go:221.16,223.3 1 0
task-platform/internal/task/service/service.go:224.2,224.65 1 0
task-platform/internal/task/service/service.go:227.122,229.16 2 0
task-platform/internal/task/service/service.go:229.16,231.3 1 0
task-platform/internal/task/service/service.go:232.2,232.65 1 0
task-platform/internal/task/service/service.go:235.113,237.16 2 0
task-platform/internal/task/service/service.go:237.16,239.3 1 0
task-platform/internal/task/service/service.go:240.2,240.62 1 0
task-platform/internal/task/service/service.go:243.119,250.21 2 0
task-platform/internal/task/service/service.go:250.21,252.3 1 0
task-platform/internal/task/service/service.go:253.2,254.16 2 0
task-platform/internal/task/service/service.go:254.16,256.3 1 0
task-platform/internal/task/service/service.go:257.2,258.26 2 0
task-platform/internal/task/service/service.go:258.26,260.3 1 0
task-platform/internal/task/service/service.go:261.2,261.82 1 0
task-platform/internal/task/service/service.go:264.122,266.16 2 0
task-platform/internal/task/service/service.go:266.16,268.3 1 0
task-platform/internal/task/service/service.go:269.2,269.65 1 0
task-platform/internal/task/service/service.go:272.140,274.16 2 0
task-platform/internal/task/service/service.go:274.16,276.3 1 0
task-platform/internal/task/service/service.go:277.2,277.71 1 0
task-platform/internal/gateway/rpc/client.go:23.110,25.16 2 1
task-platform/internal/gateway/rpc/client.go:25.16,27.3 1 0
task-platform/internal/gateway/rpc/client.go:29.2,30.16 2 1
task-platform/internal/gateway/rpc/client.go:30.16,33.3 2 0
task-platform/internal/gateway/rpc/client.go:35.2,40.8 1 1
task-platform/internal/gateway/rpc/client.go:43.65,44.153 1 1
task-platform/internal/gateway/rpc/client.go:44.153,46.16 2 1
task-platform/internal/gateway/rpc/client.go:46.16,48.4 1 1
task-platform/internal/gateway/rpc/client.go:49.3,51.57 2 1
task-platform/internal/gateway/rpc/client.go:51.57,53.4 1 1
task-platform/internal/gateway/rpc/client.go:54.3,54.56 1 1
task-platform/internal/gateway/rpc/client.go:54.56,57.4 2 1
task-platform/internal/gateway/rpc/client.go:59.3,59.88 1 1
task-platform/internal/gateway/rpc/client.go:62.2,65.3 1 1
task-platform/internal/gateway/rpc/client.go:68.33,69.43 1 1
task-platform/internal/gateway/rpc/client.go:69.43,72.3 2 1
task-platform/internal/gateway/rpc/client.go:73.2,73.27 1 1
task-platform/pkg/xcursor/cursor.go:11.49,12.22 1 1
task-platform/pkg/xcursor/cursor.go:12.22,14.3 1 1
task-platform/pkg/xcursor/cursor.go:15.2,16.16 2 1
task-platform/pkg/xcursor/cursor.go:16.16,18.3 1 0
task-platform/pkg/xcursor/cursor.go:19.2,19.45 1 1
task-platform/pkg/xcursor/cursor.go:22.58,23.18 1 1
task-platform/pkg/xcursor/cursor.go:23.18,25.3 1 1
task-platform/pkg/xcursor/cursor.go:26.2,27.16 2 1
task-platform/pkg/xcursor/cursor.go:27.16,29.3 1 1
task-platform/pkg/xcursor/cursor.go:30.2,31.51 2 1
task-platform/pkg/xcursor/cursor.go:31.51,33.3 1 0
task-platform/pkg/xcursor/cursor.go:34.2,34.20 1 1
task-platform/pkg/xcursor/cursor.go:37.49,41.2 3 1
task-platform/pkg/xlog/logger.go:5.56,15.2 3 1
task-platform/pkg/xtrace/trace.go:5.73,6.37 1 1
task-platform/pkg/xtrace/trace.go:6.37,6.51 1 1
task-platform/pkg/xpgsql/client.go:12.40,16.16 2 1
task-platform/pkg/xpgsql/client.go:16.16,18.3 1 1
task-platform/pkg/xpgsql/client.go:20.2,21.16 2 0
task-platform/pkg/xpgsql/client.go:21.16,23.3 1 0
task-platform/pkg/xpgsql/client.go:25.2,29.16 4 0
task-platform/pkg/xhttp/server.go:24.64,25.24 1 1
task-platform/pkg/xhttp/server.go:25.24,27.3 1 1
task-platform/pkg/xhttp/server.go:28.2,34.39 5 1
task-platform/pkg/xhttp/server.go:34.39,39.3 1 1
task-platform/pkg/xhttp/server.go:40.2,40.46 1 1
task-platform/pkg/xhttp/server.go:40.46,45.3 1 1
task-platform/pkg/xhttp/server.go:46.2,46.45 1 1
task-platform/pkg/xhttp/server.go:46.45,47.19 1 1
task-platform/pkg/xhttp/server.go:47.19,53.4 2 1
task-platform/pkg/xhttp/server.go:55.3,58.5 1 1
task-platform/pkg/xhttp/server.go:60.2,62.15 2 1
task-platform/internal/task/server/server.go:34.29,43.2 1 1
task-platform/internal/task/server/server.go:45.55,46.80 1 1
task-platform/internal/task/server/server.go:46.80,48.3 1 1
task-platform/internal/task/server/server.go:50.2,51.16 2 0
task-platform/internal/task/server/server.go:51.16,53.3 1 0
task-platform/internal/task/server/server.go:55.2,56.16 2 0
task-platform/internal/task/server/server.go:56.16,58.3 1 0
task-platform/internal/task/server/server.go:60.2,78.24 12 0
task-platform/internal/task/server/server.go:81.75,82.112 1 1
task-platform/internal/task/server/server.go:82.112,84.10 2 1
task-platform/internal/task/server/server.go:84.10,86.4 1 1
task-platform/internal/task/server/server.go:88.3,89.29 2 1
task-platform/internal/task/server/server.go:89.29,91.4 1 1
task-platform/internal/task/server/server.go:93.3,93.41 1 1
task-platform/internal/task/server/server.go:93.41,96.38 3 1
task-platform/internal/task/server/server.go:96.38,98.5 1 1
task-platform/internal/task/server/server.go:99.4,100.45 2 1
task-platform/internal/task/server/server.go:103.3,103.27 1 1
task-platform/internal/task/server/server.go:107.53,109.20 2 1
task-platform/internal/task/server/server.go:109.20,111.3 1 1
task-platform/internal/task/server/server.go:112.2,112.16 1 1
task-platform/internal/task/server/server.go:115.89,116.153 1 1
task-platform/internal/task/server/server.go:116.153,118.16 2 1
task-platform/internal/task/server/server.go:118.16,120.4 1 0
task-platform/internal/task/server/server.go:121.3,122.88 2 1
task-platform/internal/task/server/server.go:125.2,129.16 2 1
task-platform/internal/task/server/server.go:129.16,131.3 1 0
task-platform/internal/task/server/server.go:133.2,133.47 1 1
task-platform/internal/task/server/server.go:140.93,142.15 2 1
task-platform/internal/task/server/server.go:142.15,144.3 1 1
task-platform/internal/task/server/server.go:145.2,149.16 4 1
task-platform/internal/task/server/server.go:149.16,151.34 2 1
task-platform/internal/task/server/server.go:151.34,153.4 1 1
task-platform/internal/task/server/server.go:154.3,154.27 1 0
task-platform/internal/task/server/server.go:156.2,156.40 1 1
task-platform/internal/task/server/server.go:161.59,162.17 1 1
task-platform/internal/task/server/server.go:162.17,164.3 1 1
task-platform/internal/task/server/server.go:165.2,165.58 1 1
task-platform/internal/task/server/server.go:165.58,167.3 1 1
task-platform/internal/task/server/server.go:168.2,168.25 1 1
task-platform/internal/task/server/server.go:168.25,170.3 1 1
task-platform/internal/task/server/server.go:171.2,171.12 1 1
task-platform/internal/task/server/server.go:174.50,175.34 1 1
task-platform/internal/task/server/server.go:175.34,177.3 1 1
task-platform/internal/task/server/server.go:178.2,178.19 1 1
task-platform/pkg/xjwt/jwt.go:20.41,22.2 1 1
task-platform/pkg/xjwt/jwt.go:24.110,38.2 5 1
task-platform/pkg/xjwt/jwt.go:40.65,41.98 1 1
task-platform/pkg/xjwt/jwt.go:41.98,42.57 1 1
task-platform/pkg/xjwt/jwt.go:42.57,44.4 1 1
task-platform/pkg/xjwt/jwt.go:45.3,45.23 1 1
task-platform/pkg/xjwt/jwt.go:47.2,47.16 1 1
task-platform/pkg/xjwt/jwt.go:47.16,49.3 1 1
task-platform/pkg/xjwt/jwt.go:50.2,51.25 2 1
task-platform/pkg/xjwt/jwt.go:51.25,53.3 1 0
task-platform/pkg/xjwt/jwt.go:54.2,54.20 1 1
task-platform/internal/user/service/service.go:24.76,26.2 1 1
task-platform/internal/user/service/service.go:28.116,30.16 2 1
task-platform/internal/user/service/service.go:30.16,32.3 1 1
task-platform/internal/user/service/service.go:33.2,34.16 2 1
task-platform/internal/user/service/service.go:34.16,36.3 1 0
task-platform/internal/user/service/service.go:37.2,40.8 1 1
task-platform/internal/user/service/service.go:43.107,45.16 2 1
task-platform/internal/user/service/service.go:45.16,47.3 1 0
task-platform/internal/user/service/service.go:48.2,49.16 2 1
task-platform/internal/user/service/service.go:49.16,51.3 1 0
task-platform/internal/user/service/service.go:52.2,55.8 1 1
task-platform/internal/user/service/service.go:58.113,60.16 2 1
task-platform/internal/user/service/service.go:60.16,62.3 1 0
task-platform/internal/user/service/service.go:63.2,65.8 1 1
task-platform/internal/user/service/service.go:68.131,70.16 2 1
task-platform/internal/user/service/service.go:70.16,72.3 1 0
task-platform/internal/user/service/service.go:73.2,74.26 2 1
task-platform/internal/user/service/service.go:74.26,76.3 1 1
task-platform/internal/user/service/service.go:77.2,79.8 1 1
task-platform/internal/user/service/service.go:82.45,91.2 1 1
task-platform/internal/gateway/server/server.go:29.29,38.2 1 1
task-platform/internal/gateway/server/server.go:40.119,41.72 1 1
task-platform/internal/gateway/server/server.go:41.72,43.3 1 1
task-platform/internal/gateway/server/server.go:44.2,44.80 1 1
task-platform/internal/gateway/server/server.go:44.80,46.3 1 1
task-platform/internal/gateway/server/server.go:48.2,49.16 2 1
task-platform/internal/gateway/server/server.go:49.16,51.3 1 0
task-platform/internal/gateway/server/server.go:53.2,54.16 2 1
task-platform/internal/gateway/server/server.go:54.16,56.3 1 0
task-platform/internal/gateway/server/server.go:58.2,80.2 15 1
task-platform/internal/gateway/server/server.go:80.2,82.3 2 1
task-platform/internal/gateway/server/server.go:82.3,86.4 3 1
task-platform/internal/gateway/server/server.go:87.3,88.3 2 1
task-platform/internal/gateway/server/server.go:88.3,90.4 1 1
task-platform/internal/gateway/server/server.go:91.3,92.3 2 1
task-platform/internal/gateway/server/server.go:92.3,105.4 12 1
task-platform/internal/gateway/server/server.go:106.3,107.3 2 1
task-platform/internal/gateway/server/server.go:107.3,115.4 7 1
task-platform/internal/gateway/server/server.go:118.2,118.26 1 1
task-platform/internal/gateway/server/server.go:118.26,119.41 1 1
task-platform/internal/gateway/server/server.go:119.41,121.4 1 0
task-platform/internal/gateway/server/server.go:122.3,122.21 1 1
task-platform/internal/gateway/server/server.go:125.2,125.29 1 1
task-platform/internal/gateway/server/server.go:128.59,129.17 1 1
task-platform/internal/gateway/server/server.go:129.17,131.3 1 1
task-platform/internal/gateway/server/server.go:132.2,132.106 1 1
task-platform/internal/gateway/server/server.go:132.106,134.3 1 1
task-platform/internal/gateway/server/server.go:135.2,135.25 1 1
task-platform/internal/gateway/server/server.go:135.25,137.3 1 1
task-platform/internal/gateway/server/server.go:138.2,138.12 1 1
task-platform/internal/gateway/server/server.go:141.50,142.34 1 1
task-platform/internal/gateway/server/server.go:142.34,144.3 1 1
task-platform/internal/gateway/server/server.go:145.2,145.19 1 1
task-platform/pkg/xredis/client.go:11.64,21.44 4 1
task-platform/pkg/xredis/client.go:21.44,23.3 1 1
task-platform/pkg/xredis/client.go:25.2,25.17 1 0
task-platform/internal/gateway/handler/auth.go:21.90,23.2 1 1
task-platform/internal/gateway/handler/auth.go:25.48,27.47 2 1
task-platform/internal/gateway/handler/auth.go:27.47,31.3 3 1
task-platform/internal/gateway/handler/auth.go:33.2,34.16 2 1
task-platform/internal/gateway/handler/auth.go:34.16,37.3 2 0
task-platform/internal/gateway/handler/auth.go:39.2,44.4 1 1
task-platform/internal/gateway/handler/auth.go:47.45,49.47 2 1
task-platform/internal/gateway/handler/auth.go:49.47,53.3 3 0
task-platform/internal/gateway/handler/auth.go:55.2,56.16 2 1
task-platform/internal/gateway/handler/auth.go:56.16,59.3 2 1
task-platform/internal/gateway/handler/auth.go:61.2,66.4 1 1
task-platform/internal/gateway/handler/auth.go:69.46,74.13 4 1
task-platform/internal/gateway/handler/auth.go:74.13,79.70 4 1
task-platform/internal/gateway/handler/auth.go:79.70,83.4 3 0
task-platform/internal/gateway/handler/auth.go:86.2,86.95 1 1
task-platform/internal/gateway/handler/error.go:13.49,15.9 2 1
task-platform/internal/gateway/handler/error.go:15.9,19.3 3 0
task-platform/internal/gateway/handler/error.go:21.2,25.4 1 1
task-platform/internal/gateway/handler/project.go:18.77,20.2 1 1
task-platform/internal/gateway/handler/project.go:22.49,24.47 2 1
task-platform/internal/gateway/handler/project.go:24.47,29.3 2 1
task-platform/internal/gateway/handler/project.go:31.2,32.16 2 1
task-platform/internal/gateway/handler/project.go:32.16,35.3 2 1
task-platform/internal/gateway/handler/project.go:37.2,42.4 1 1
task-platform/internal/gateway/handler/project.go:45.47,55.16 5 1
task-platform/internal/gateway/handler/project.go:55.16,58.3 2 0
task-platform/internal/gateway/handler/project.go:60.2,65.4 1 1
task-platform/internal/gateway/handler/project.go:68.46,74.16 3 1
task-platform/internal/gateway/handler/project.go:74.16,77.3 2 1
task-platform/internal/gateway/handler/project.go:79.2,84.4 1 1
task-platform/internal/gateway/handler/project.go:87.49,91.47 3 1
task-platform/internal/gateway/handler/project.go:91.47,96.3 2 1
task-platform/internal/gateway/handler/project.go:97.2,100.16 3 1
task-platform/internal/gateway/handler/project.go:100.16,103.3 2 0
task-platform/internal/gateway/handler/project.go:105.2,110.4 1 1
task-platform/internal/gateway/handler/project.go:113.50,119.16 3 1
task-platform/internal/gateway/handler/project.go:119.16,122.3 2 1
task-platform/internal/gateway/handler/project.go:124.2,129.4 1 1
task-platform/internal/gateway/handler/project.go:132.52,138.16 3 1
task-platform/internal/gateway/handler/project.go:138.16,141.3 2 0
task-platform/internal/gateway/handler/project.go:143.2,148.4 1 1
task-platform/internal/gateway/handler/project.go:151.51,155.47 3 1
task-platform/internal/gateway/handler/project.go:155.47,160.3 2 1
task-platform/internal/gateway/handler/project.go:161.2,164.16 3 1
task-platform/internal/gateway/handler/project.go:164.16,167.3 2 0
task-platform/internal/gateway/handler/project.go:169.2,174.4 1 1
task-platform/internal/gateway/handler/project.go:177.52,181.47 3 1
task-platform/internal/gateway/handler/project.go:181.47,186.3 2 1
task-platform/internal/gateway/handler/project.go:187.2,190.16 3 1
task-platform/internal/gateway/handler/project.go:190.16,193.3 2 0
task-platform/internal/gateway/handler/project.go:195.2,200.4 1 1
task-platform/internal/gateway/handler/project.go:203.54,209.16 3 1
task-platform/internal/gateway/handler/project.go:209.16,212.3 2 0
task-platform/internal/gateway/handler/project.go:214.2,219.4 1 1
task-platform/internal/gateway/handler/project.go:222.59,227.47 4 1
task-platform/internal/gateway/handler/project.go:227.47,232.3 2 1
task-platform/internal/gateway/handler/project.go:233.2,237.16 4 1
task-platform/internal/gateway/handler/project.go:237.16,240.3 2 0
task-platform/internal/gateway/handler/project.go:242.2,247.4 1 1
task-platform/internal/gateway/handler/project.go:250.55,258.16 4 1
task-platform/internal/gateway/handler/project.go:258.16,261.3 2 0
task-platform/internal/gateway/handler/project.go:263.2,268.4 1 1
task-platform/internal/gateway/handler/project.go:271.48,277.16 3 1
task-platform/internal/gateway/handler/project.go:277.16,280.3 2 1
task-platform/internal/gateway/handler/project.go:282.2,287.4 1 1
task-platform/internal/gateway/handler/task.go:18.71,20.2 1 1
task-platform/internal/gateway/handler/task.go:22.46,24.47 2 1
task-platform/internal/gateway/handler/task.go:24.47,29.3 2 1
task-platform/internal/gateway/handler/task.go:31.2,32.16 2 1
task-platform/internal/gateway/handler/task.go:32.16,35.3 2 1
task-platform/internal/gateway/handler/task.go:37.2,42.4 1 1
task-platform/internal/gateway/handler/task.go:45.44,47.21 2 1
task-platform/internal/gateway/handler/task.go:47.21,52.3 2 1
task-platform/internal/gateway/handler/task.go:54.2,60.53 6 1
task-platform/internal/gateway/handler/task.go:60.53,62.65 2 1
task-platform/internal/gateway/handler/task.go:62.65,64.4 1 1
task-platform/internal/gateway/handler/task.go:67.2,67.50 1 1
task-platform/internal/gateway/handler/task.go:67.50,69.63 2 1
task-platform/internal/gateway/handler/task.go:69.63,71.4 1 1
task-platform/internal/gateway/handler/task.go:72.8,74.3 1 0
task-platform/internal/gateway/handler/task.go:76.2,77.16 2 1
task-platform/internal/gateway/handler/task.go:77.16,80.3 2 0
task-platform/internal/gateway/handler/task.go:82.2,87.4 1 1
task-platform/internal/gateway/handler/task.go:90.43,96.16 3 1
task-platform/internal/gateway/handler/task.go:96.16,99.3 2 1
task-platform/internal/gateway/handler/task.go:101.2,106.4 1 1
task-platform/internal/gateway/handler/task.go:109.46,113.47 3 1
task-platform/internal/gateway/handler/task.go:113.47,118.3 2 1
task-platform/internal/gateway/handler/task.go:119.2,122.16 3 1
task-platform/internal/gateway/handler/task.go:122.16,125.3 2 0
task-platform/internal/gateway/handler/task.go:127.2,132.4 1 1
task-platform/internal/gateway/handler/task.go:135.46,141.16 3 1
task-platform/internal/gateway/handler/task.go:141.16,144.3 2 1
task-platform/internal/gateway/handler/task.go:146.2,151.4 1 1
task-platform/internal/gateway/handler/task.go:154.46,158.47 3 1
task-platform/internal/gateway/handler/task.go:158.47,163.3 2 1
task-platform/internal/gateway/handler/task.go:164.2,167.16 3 1
task-platform/internal/gateway/handler/task.go:167.16,170.3 2 0
task-platform/internal/gateway/handler/task.go:172.2,177.4 1 1
task-platform/internal/gateway/handler/task.go:180.52,184.47 3 1
task-platform/internal/gateway/handler/task.go:184.47,189.3 2 1
task-platform/internal/gateway/handler/task.go:190.2,193.16 3 1
task-platform/internal/gateway/handler/task.go:193.16,196.3 2 1
task-platform/internal/gateway/handler/task.go:198.2,203.4 1 1
task-platform/internal/gateway/handler/user.go:17.71,19.2 1 1
task-platform/internal/gateway/handler/user.go:21.42,27.16 3 1
task-platform/internal/gateway/handler/user.go:27.16,30.3 2 0
task-platform/internal/gateway/handler/user.go:32.2,37.4 1 1
task-platform/internal/user/biz/user.go:37.95,39.35 2 1
task-platform/internal/user/biz/user.go:39.35,41.3 1 1
task-platform/internal/user/biz/user.go:42.2,42.59 1 1
task-platform/internal/user/biz/user.go:45.49,47.16 2 1
task-platform/internal/user/biz/user.go:47.16,49.3 1 0
task-platform/internal/user/biz/user.go:50.2,50.27 1 1
task-platform/internal/user/biz/user.go:53.49,55.16 2 1
task-platform/internal/user/biz/user.go:55.16,57.3 1 1
task-platform/internal/user/biz/user.go:58.2,58.12 1 1
task-platform/internal/user/biz/user.go:61.103,62.39 1 1
task-platform/internal/user/biz/user.go:62.39,64.3 1 1
task-platform/internal/user/biz/user.go:65.2,65.52 1 1
task-platform/internal/user/biz/user.go:65.52,67.3 1 1
task-platform/internal/user/biz/user.go:68.2,69.29 2 1
task-platform/internal/user/biz/user.go:69.29,71.3 1 1
task-platform/internal/user/biz/user.go:72.2,72.73 1 1
task-platform/internal/user/biz/user.go:72.73,74.3 1 1
task-platform/internal/user/biz/user.go:75.2,75.31 1 1
task-platform/internal/user/biz/user.go:75.31,77.3 1 1
task-platform/internal/user/biz/user.go:79.2,80.16 2 1
task-platform/internal/user/biz/user.go:80.16,82.3 1 0
task-platform/internal/user/biz/user.go:84.2,89.49 2 1
task-platform/internal/user/biz/user.go:89.49,91.3 1 0
task-platform/internal/user/biz/user.go:92.2,92.18 1 1
task-platform/internal/user/biz/user.go:95.92,97.16 2 1
task-platform/internal/user/biz/user.go:97.16,99.3 1 0
task-platform/internal/user/biz/user.go:100.2,100.68 1 1
task-platform/internal/user/biz/user.go:100.68,102.3 1 1
task-platform/internal/user/biz/user.go:103.2,103.22 1 1
task-platform/internal/user/biz/user.go:103.22,105.3 1 1
task-platform/internal/user/biz/user.go:106.2,106.18 1 1
task-platform/internal/user/biz/user.go:109.83,110.18 1 1
task-platform/internal/user/biz/user.go:110.18,111.50 1 1
task-platform/internal/user/biz/user.go:111.50,113.4 1 1
task-platform/internal/user/biz/user.go:116.2,117.16 2 1
task-platform/internal/user/biz/user.go:117.16,119.3 1 0
task-platform/internal/user/biz/user.go:121.2,121.18 1 1
task-platform/internal/user/biz/user.go:121.18,123.3 1 1
task-platform/internal/user/biz/user.go:124.2,124.18 1 1
task-platform/internal/user/biz/user.go:127.90,128.20 1 1
task-platform/internal/user/biz/user.go:128.20,130.3 1 1
task-platform/internal/user/biz/user.go:131.2,131.19 1 1
task-platform/internal/user/biz/user.go:131.19,133.3 1 0
task-platform/internal/user/biz/user.go:135.2,135.18 1 1
task-platform/internal/user/biz/user.go:135.18,137.3 1 0
task-platform/internal/user/biz/user.go:139.2,141.25 3 1
task-platform/internal/user/biz/user.go:141.25,142.46 1 1
task-platform/internal/user/biz/user.go:142.46,144.4 1 1
task-platform/internal/user/biz/user.go:144.9,146.4 1 1
task-platform/internal/user/biz/user.go:149.2,149.22 1 1
task-platform/internal/user/biz/user.go:149.22,151.3 1 1
task-platform/internal/user/biz/user.go:153.2,154.16 2 1
task-platform/internal/user/biz/user.go:154.16,156.3 1 0
task-platform/internal/user/biz/user.go:158.2,158.28 1 1
task-platform/internal/user/biz/user.go:158.28,160.3 1 1
task-platform/internal/user/biz/user.go:162.2,162.39 1 1
task-platform/internal/user/biz/user.go:165.80,167.16 2 1
task-platform/internal/user/biz/user.go:167.16,169.3 1 1
task-platform/internal/user/biz/user.go:170.2,171.48 2 1
task-platform/internal/user/biz/user.go:171.48,173.3 1 0
task-platform/internal/user/biz/user.go:174.2,174.11 1 1
task-platform/internal/user/biz/user.go:177.64,179.16 2 1
task-platform/internal/user/biz/user.go:179.16,181.3 1 0
task-platform/internal/user/biz/user.go:182.2,182.57 1 1
task-platform/internal/user/server/server.go:42.29,54.2 1 1
task-platform/internal/user/server/server.go:56.55,57.72 1 1
task-platform/internal/user/server/server.go:57.72,59.3 1 1
task-platform/internal/user/server/server.go:60.2,60.80 1 1
task-platform/internal/user/server/server.go:60.80,62.3 1 1
task-platform/internal/user/server/server.go:64.2,65.16 2 1
task-platform/internal/user/server/server.go:65.16,67.3 1 1
task-platform/internal/user/server/server.go:69.2,70.16 2 1
task-platform/internal/user/server/server.go:70.16,72.3 1 0
task-platform/internal/user/server/server.go:74.2,75.16 2 1
task-platform/internal/user/server/server.go:75.16,77.3 1 1
task-platform/internal/user/server/server.go:79.2,94.24 9 1
task-platform/internal/user/server/server.go:97.94,98.112 1 1
task-platform/internal/user/server/server.go:98.112,100.10 2 1
task-platform/internal/user/server/server.go:100.10,102.4 1 0
task-platform/internal/user/server/server.go:104.3,105.29 2 1
task-platform/internal/user/server/server.go:105.29,107.4 1 1
task-platform/internal/user/server/server.go:109.3,109.41 1 1
task-platform/internal/user/server/server.go:109.41,112.38 3 1
task-platform/internal/user/server/server.go:112.38,114.5 1 1
task-platform/internal/user/server/server.go:117.3,117.27 1 0
task-platform/internal/user/server/server.go:121.53,123.20 2 1
task-platform/internal/user/server/server.go:123.20,125.3 1 1
task-platform/internal/user/server/server.go:126.2,126.16 1 1
task-platform/internal/user/server/server.go:129.55,131.16 2 1
task-platform/internal/user/server/server.go:131.16,133.3 1 1
task-platform/internal/user/server/server.go:134.2,135.57 2 1
task-platform/internal/user/server/server.go:135.57,137.17 2 1
task-platform/internal/user/server/server.go:137.17,139.4 1 1
task-platform/internal/user/server/server.go:141.2,141.20 1 1
task-platform/internal/user/server/server.go:144.59,145.17 1 1
task-platform/internal/user/server/server.go:145.17,147.3 1 1
task-platform/internal/user/server/server.go:148.2,148.106 1 1
task-platform/internal/user/server/server.go:148.106,150.3 1 1
task-platform/internal/user/server/server.go:151.2,151.25 1 1
task-platform/internal/user/server/server.go:151.25,153.3 1 1
task-platform/internal/user/server/server.go:154.2,154.12 1 1
task-platform/internal/user/server/server.go:157.50,158.34 1 1
task-platform/internal/user/server/server.go:158.34,160.3 1 1
task-platform/internal/user/server/server.go:161.2,161.19 1 1
task-platform/internal/user/data/model.go:22.32,24.2 1 1
task-platform/internal/user/data/repository.go:24.52,26.2 1 1
task-platform/internal/user/data/repository.go:28.66,30.16 2 1
task-platform/internal/user/data/repository.go:30.16,31.94 1 1
task-platform/internal/user/data/repository.go:31.94,33.4 1 1
task-platform/internal/user/data/repository.go:34.3,34.64 1 0
task-platform/internal/user/data/repository.go:36.2,36.12 1 1
task-platform/internal/user/data/repository.go:39.86,44.44 3 1
task-platform/internal/user/data/repository.go:44.44,46.3 1 1
task-platform/internal/user/data/repository.go:47.2,47.16 1 1
task-platform/internal/user/data/repository.go:47.16,49.3 1 0
task-platform/internal/user/data/repository.go:50.2,50.19 1 1
task-platform/internal/user/data/repository.go:53.76,56.44 3 1
task-platform/internal/user/data/repository.go:56.44,58.3 1 1
task-platform/internal/user/data/repository.go:59.2,59.16 1 1
task-platform/internal/user/data/repository.go:59.16,61.3 1 0
task-platform/internal/user/data/repository.go:62.2,62.19 1 1
task-platform/internal/user/data/repository.go:65.87,66.19 1 1
task-platform/internal/user/data/repository.go:66.19,68.3 1 1
task-platform/internal/user/data/repository.go:69.2,71.16 3 1
task-platform/internal/user/data/repository.go:71.16,73.3 1 0
task-platform/internal/user/data/repository.go:74.2,74.19 1 1
task-platform/internal/task/data/model.go:21.35,23.2 1 1
task-platform/internal/task/data/model.go:34.41,36.2 1 1
task-platform/internal/task/data/model.go:47.43,50.2 2 0
task-platform/internal/task/data/model.go:68.32,70.2 1 1
task-platform/internal/task/data/model.go:84.42,87.2 2 0
task-platform/internal/task/data/repository.go:53.58,55.2 1 1
task-platform/internal/task/data/repository.go:57.56,59.2 1 1
task-platform/internal/task/data/repository.go:61.52,63.2 1 1
task-platform/internal/task/data/repository.go:65.75,67.16 2 1
task-platform/internal/task/data/repository.go:67.16,68.53 1 1
task-platform/internal/task/data/repository.go:68.53,70.4 1 1
task-platform/internal/task/data/repository.go:71.3,71.67 1 0
task-platform/internal/task/data/repository.go:73.2,73.12 1 1
task-platform/internal/task/data/repository.go:76.82,79.44 3 1
task-platform/internal/task/data/repository.go:79.44,81.3 1 1
task-platform/internal/task/data/repository.go:82.2,82.16 1 1
task-platform/internal/task/data/repository.go:82.16,84.3 1 0
task-platform/internal/task/data/repository.go:85.2,85.16 1 1
task-platform/internal/task/data/repository.go:88.119,92.25 2 1
task-platform/internal/task/data/repository.go:92.25,94.3 1 0
task-platform/internal/task/data/repository.go:95.2,95.30 1 1
task-platform/internal/task/data/repository.go:95.30,97.3 1 1
task-platform/internal/task/data/repository.go:98.2,98.28 1 1
task-platform/internal/task/data/repository.go:101.135,107.22 2 1
task-platform/internal/task/data/repository.go:107.22,109.3 1 1
task-platform/internal/task/data/repository.go:111.2,115.16 3 1
task-platform/internal/task/data/repository.go:115.16,117.3 1 0
task-platform/internal/task/data/repository.go:118.2,118.22 1 1
task-platform/internal/task/data/repository.go:121.76,123.16 2 1
task-platform/internal/task/data/repository.go:123.16,124.53 1 1
task-platform/internal/task/data/repository.go:124.53,126.4 1 1
task-platform/internal/task/data/repository.go:127.3,127.63 1 0
task-platform/internal/task/data/repository.go:129.2,129.12 1 1
task-platform/internal/task/data/repository.go:132.82,136.25 2 1
task-platform/internal/task/data/repository.go:136.25,138.3 1 0
task-platform/internal/task/data/repository.go:139.2,139.30 1 1
task-platform/internal/task/data/repository.go:139.30,141.3 1 1
task-platform/internal/task/data/repository.go:142.2,142.12 1 1
task-platform/internal/task/data/repository.go:145.114,148.44 3 1
task-platform/internal/task/data/repository.go:148.44,150.3 1 1
task-platform/internal/task/data/repository.go:151.2,151.16 1 1
task-platform/internal/task/data/repository.go:151.16,153.3 1 0
task-platform/internal/task/data/repository.go:154.2,154.16 1 1
task-platform/internal/task/data/repository.go:157.101,160.16 3 1
task-platform/internal/task/data/repository.go:160.16,162.3 1 0
task-platform/internal/task/data/repository.go:163.2,163.21 1 1
task-platform/internal/task/data/repository.go:166.116,170.25 2 1
task-platform/internal/task/data/repository.go:170.25,172.3 1 0
task-platform/internal/task/data/repository.go:173.2,173.30 1 1
task-platform/internal/task/data/repository.go:173.30,175.3 1 0
task-platform/internal/task/data/repository.go:176.2,176.55 1 1
task-platform/internal/task/data/repository.go:179.104,182.44 3 1
task-platform/internal/task/data/repository.go:182.44,184.3 1 0
task-platform/internal/task/data/repository.go:185.2,185.16 1 1
task-platform/internal/task/data/repository.go:185.16,187.3 1 0
task-platform/internal/task/data/repository.go:188.2,188.16 1 1
task-platform/internal/task/data/repository.go:193.66,195.16 2 1
task-platform/internal/task/data/repository.go:195.16,197.3 1 0
task-platform/internal/task/data/repository.go:198.2,198.12 1 1
task-platform/internal/task/data/repository.go:201.76,204.44 3 1
task-platform/internal/task/data/repository.go:204.44,206.3 1 1
task-platform/internal/task/data/repository.go:207.2,207.16 1 1
task-platform/internal/task/data/repository.go:207.16,209.3 1 0
task-platform/internal/task/data/repository.go:210.2,210.16 1 1
task-platform/internal/task/data/repository.go:213.113,217.25 2 1
task-platform/internal/task/data/repository.go:217.25,219.3 1 0
task-platform/internal/task/data/repository.go:220.2,220.30 1 1
task-platform/internal/task/data/repository.go:220.30,222.3 1 1
task-platform/internal/task/data/repository.go:223.2,223.28 1 1
task-platform/internal/task/data/repository.go:226.74,228.16 2 1
task-platform/internal/task/data/repository.go:228.16,230.3 1 0
task-platform/internal/task/data/repository.go:231.2,232.25 2 1
task-platform/internal/task/data/repository.go:232.25,234.3 1 0
task-platform/internal/task/data/repository.go:235.2,235.30 1 1
task-platform/internal/task/data/repository.go:235.30,237.3 1 0
task-platform/internal/task/data/repository.go:238.2,238.18 1 1
task-platform/internal/task/data/repository.go:241.90,245.26 2 1
task-platform/internal/task/data/repository.go:245.26,247.3 1 1
task-platform/internal/task/data/repository.go:248.2,248.29 1 1
task-platform/internal/task/data/repository.go:248.29,250.3 1 1
task-platform/internal/task/data/repository.go:251.2,251.26 1 1
task-platform/internal/task/data/repository.go:251.26,253.3 1 0
task-platform/internal/task/data/repository.go:255.2,255.25 1 1
task-platform/internal/task/data/repository.go:255.25,257.17 2 1
task-platform/internal/task/data/repository.go:257.17,259.4 1 1
task-platform/internal/task/data/repository.go:260.3,261.10 2 1
task-platform/internal/task/data/repository.go:261.10,263.4 1 0
task-platform/internal/task/data/repository.go:264.3,265.10 2 1
task-platform/internal/task/data/repository.go:265.10,267.4 1 0
task-platform/internal/task/data/repository.go:268.3,269.17 2 1
task-platform/internal/task/data/repository.go:269.17,271.4 1 0
task-platform/internal/task/data/repository.go:272.3,272.66 1 1
task-platform/internal/task/data/repository.go:275.2,275.44 1 1
task-platform/internal/task/data/repository.go:275.44,277.3 1 0
task-platform/internal/task/data/repository.go:278.2,281.49 3 1
task-platform/internal/task/data/repository.go:281.49,283.3 1 0
task-platform/internal/task/data/repository.go:285.2,286.31 2 1
task-platform/internal/task/data/repository.go:286.31,293.3 3 1
task-platform/internal/task/data/repository.go:295.2,295.31 1 1
task-platform/internal/task/biz/project.go:23.145,30.2 1 1
task-platform/internal/task/biz/project.go:32.116,33.36 1 1
task-platform/internal/task/biz/project.go:33.36,35.3 1 1
task-platform/internal/task/biz/project.go:37.2,38.67 2 1
task-platform/internal/task/biz/project.go:38.67,44.70 2 1
task-platform/internal/task/biz/project.go:44.70,46.4 1 0
task-platform/internal/task/biz/project.go:48.3,53.66 2 1
task-platform/internal/task/biz/project.go:53.66,55.4 1 0
task-platform/internal/task/biz/project.go:57.3,58.13 2 1
task-platform/internal/task/biz/project.go:60.2,60.16 1 1
task-platform/internal/task/biz/project.go:60.16,62.3 1 0
task-platform/internal/task/biz/project.go:63.2,63.21 1 1
task-platform/internal/task/biz/project.go:66.105,68.16 2 1
task-platform/internal/task/biz/project.go:68.16,70.3 1 0
task-platform/internal/task/biz/project.go:72.2,73.16 2 1
task-platform/internal/task/biz/project.go:73.16,75.3 1 0
task-platform/internal/task/biz/project.go:76.2,76.19 1 1
task-platform/internal/task/biz/project.go:76.19,78.3 1 1
task-platform/internal/task/biz/project.go:80.2,80.21 1 1
task-platform/internal/task/biz/project.go:83.142,84.50 1 1
task-platform/internal/task/biz/project.go:84.50,86.3 1 0
task-platform/internal/task/biz/project.go:88.2,89.16 2 1
task-platform/internal/task/biz/project.go:89.16,91.3 1 0
task-platform/internal/task/biz/project.go:93.2,93.35 1 1
task-platform/internal/task/biz/project.go:93.35,95.3 1 1
task-platform/internal/task/biz/project.go:96.2,96.50 1 1
task-platform/internal/task/biz/project.go:96.50,98.3 1 1
task-platform/internal/task/biz/project.go:100.2,101.16 2 1
task-platform/internal/task/biz/project.go:101.16,103.3 1 1
task-platform/internal/task/biz/project.go:104.2,107.63 3 1
task-platform/internal/task/biz/project.go:110.109,112.16 2 1
task-platform/internal/task/biz/project.go:112.16,114.3 1 0
task-platform/internal/task/biz/project.go:115.2,115.35 1 1
task-platform/internal/task/biz/project.go:115.35,117.3 1 1
task-platform/internal/task/biz/project.go:119.2,119.71 1 1
task-platform/internal/task/biz/project.go:122.111,124.16 2 1
task-platform/internal/task/biz/project.go:124.16,126.3 1 1
task-platform/internal/task/biz/project.go:127.2,127.35 1 1
task-platform/internal/task/biz/project.go:127.35,129.3 1 0
task-platform/internal/task/biz/project.go:131.2,131.69 1 1
task-platform/internal/task/biz/project.go:134.126,135.30 1 1
task-platform/internal/task/biz/project.go:135.30,137.3 1 1
task-platform/internal/task/biz/project.go:139.2,140.16 2 1
task-platform/internal/task/biz/project.go:140.16,142.3 1 0
task-platform/internal/task/biz/project.go:143.2,143.50 1 1
task-platform/internal/task/biz/project.go:143.50,145.3 1 1
task-platform/internal/task/biz/project.go:146.2,146.35 1 1
task-platform/internal/task/biz/project.go:146.35,148.3 1 1
task-platform/internal/task/biz/project.go:150.2,151.16 2 1
task-platform/internal/task/biz/project.go:151.16,153.3 1 0
task-platform/internal/task/biz/project.go:154.2,154.25 1 1
task-platform/internal/task/biz/project.go:154.25,156.3 1 1
task-platform/internal/task/biz/project.go:158.2,159.16 2 1
task-platform/internal/task/biz/project.go:159.16,161.3 1 0
task-platform/internal/task/biz/project.go:162.2,162.24 1 1
task-platform/internal/task/biz/project.go:162.24,164.3 1 0
task-platform/internal/task/biz/project.go:166.2,166.66 1 1
task-platform/internal/task/biz/project.go:166.66,173.18 3 1
task-platform/internal/task/biz/project.go:173.18,175.4 1 0
task-platform/internal/task/biz/project.go:177.3,177.92 1 1
task-platform/internal/task/biz/project.go:177.92,179.4 1 0
task-platform/internal/task/biz/project.go:181.3,181.96 1 1
task-platform/internal/task/biz/project.go:181.96,183.4 1 0
task-platform/internal/task/biz/project.go:185.3,185.13 1 1
task-platform/internal/task/biz/project.go:187.2,187.16 1 1
task-platform/internal/task/biz/project.go:187.16,189.3 1 0
task-platform/internal/task/biz/project.go:191.2,191.47 1 1
task-platform/internal/task/biz/project.go:194.143,195.55 1 1
task-platform/internal/task/biz/project.go:195.55,197.3 1 1
task-platform/internal/task/biz/project.go:199.2,200.16 2 1
task-platform/internal/task/biz/project.go:200.16,202.3 1 0
task-platform/internal/task/biz/project.go:203.2,203.50 1 1
task-platform/internal/task/biz/project.go:203.50,205.3 1 1
task-platform/internal/task/biz/project.go:207.2,207.27 1 1
task-platform/internal/task/biz/project.go:208.22,208.22 0 1
task-platform/internal/task/biz/project.go:209.22,210.30 1 1
task-platform/internal/task/biz/project.go:210.30,212.4 1 1
task-platform/internal/task/biz/project.go:213.10,214.87 1 1
task-platform/internal/task/biz/project.go:217.2,218.16 2 1
task-platform/internal/task/biz/project.go:218.16,220.3 1 0
task-platform/internal/task/biz/project.go:221.2,221.24 1 1
task-platform/internal/task/biz/project.go:221.24,223.3 1 1
task-platform/internal/task/biz/project.go:225.2,230.54 2 1
task-platform/internal/task/biz/project.go:230.54,232.3 1 0
task-platform/internal/task/biz/project.go:233.2,233.20 1 1
task-platform/internal/task/biz/project.go:236.134,238.16 2 1
task-platform/internal/task/biz/project.go:238.16,240.3 1 0
task-platform/internal/task/biz/project.go:241.2,241.50 1 1
task-platform/internal/task/biz/project.go:241.50,243.3 1 1
task-platform/internal/task/biz/project.go:245.2,245.30 1 1
task-platform/internal/task/biz/project.go:245.30,247.3 1 1
task-platform/internal/task/biz/project.go:249.2,250.16 2 1
task-platform/internal/task/biz/project.go:250.16,252.3 1 0
task-platform/internal/task/biz/project.go:253.2,253.25 1 1
task-platform/internal/task/biz/project.go:253.25,255.3 1 1
task-platform/internal/task/biz/project.go:257.2,257.27 1 1
task-platform/internal/task/biz/project.go:258.22,258.22 0 1
task-platform/internal/task/biz/project.go:259.22,260.81 1 1
task-platform/internal/task/biz/project.go:260.81,262.4 1 1
task-platform/internal/task/biz/project.go:263.10,264.90 1 1
task-platform/internal/task/biz/project.go:267.2,267.74 1 1
task-platform/internal/task/biz/project.go:267.74,269.3 1 0
task-platform/internal/task/biz/project.go:270.2,270.26 1 1
task-platform/internal/task/biz/project.go:273.150,274.55 1 1
task-platform/internal/task/biz/project.go:274.55,276.3 1 0
task-platform/internal/task/biz/project.go:278.2,279.16 2 1
task-platform/internal/task/biz/project.go:279.16,281.3 1 0
task-platform/internal/task/biz/project.go:282.2,282.50 1 1
task-platform/internal/task/biz/project.go:282.50,284.3 1 1
task-platform/internal/task/biz/project.go:285.2,285.41 1 1
task-platform/internal/task/biz/project.go:285.41,287.3 1 1
task-platform/internal/task/biz/project.go:289.2,290.16 2 1
task-platform/internal/task/biz/project.go:290.16,292.3 1 0
task-platform/internal/task/biz/project.go:293.2,293.25 1 1
task-platform/internal/task/biz/project.go:293.25,295.3 1 1
task-platform/internal/task/biz/project.go:296.2,296.41 1 1
task-platform/internal/task/biz/project.go:296.41,298.3 1 0
task-platform/internal/task/biz/project.go:300.2,300.68 1 1
task-platform/internal/task/biz/project.go:303.113,305.16 2 1
task-platform/internal/task/biz/project.go:305.16,307.3 1 0
task-platform/internal/task/biz/project.go:308.2,308.19 1 1
task-platform/internal/task/biz/project.go:308.19,310.3 1 1
task-platform/internal/task/biz/project.go:311.2,311.35 1 1
task-platform/internal/task/biz/project.go:311.35,313.3 1 1
task-platform/internal/task/biz/project.go:315.2,316.16 2 1
task-platform/internal/task/biz/project.go:316.16,318.3 1 0
task-platform/internal/task/biz/project.go:319.2,319.50 1 1
task-platform/internal/task/biz/project.go:319.50,321.3 1 1
task-platform/internal/task/biz/project.go:323.2,323.70 1 1
task-platform/internal/task/biz/project.go:323.70,325.3 1 0
task-platform/internal/task/biz/project.go:326.2,326.20 1 1
task-platform/internal/task/biz/project.go:329.121,330.69 1 1
task-platform/internal/task/biz/project.go:330.69,332.3 1 1
task-platform/internal/task/biz/project.go:333.2,333.51 1 1
task-platform/internal/task/biz/project.go:336.109,338.16 2 1
task-platform/internal/task/biz/project.go:338.16,340.3 1 0
task-platform/internal/task/biz/project.go:341.2,341.19 1 1
task-platform/internal/task/biz/project.go:341.19,343.3 1 1
task-platform/internal/task/biz/project.go:344.2,344.31 1 1
task-platform/internal/task/biz/project.go:347.139,348.30 1 1
task-platform/internal/task/biz/project.go:348.30,350.3 1 1
task-platform/internal/task/biz/project.go:351.2,351.16 1 1
task-platform/internal/task/biz/project.go:351.16,353.3 1 0
task-platform/internal/task/biz/project.go:354.2,354.84 1 1
task-platform/internal/task/biz/project.go:357.135,359.16 2 1
task-platform/internal/task/biz/project.go:359.16,361.3 1 0
task-platform/internal/task/biz/project.go:363.2,363.50 1 1
task-platform/internal/task/biz/project.go:363.50,365.17 2 1
task-platform/internal/task/biz/project.go:365.17,367.4 1 0
task-platform/internal/task/biz/project.go:368.3,368.20 1 1
task-platform/internal/task/biz/project.go:368.20,370.4 1 1
task-platform/internal/task/biz/project.go:371.3,371.30 1 1
task-platform/internal/task/biz/project.go:374.2,375.16 2 1
task-platform/internal/task/biz/project.go:375.16,377.3 1 0
task-platform/internal/task/biz/project.go:378.2,378.19 1 1
task-platform/internal/task/biz/project.go:378.19,380.3 1 1
task-platform/internal/task/biz/project.go:382.2,382.29 1 1
task-platform/internal/task/biz/project.go:385.114,388.2 2 1
task-platform/internal/task/biz/project.go:390.115,392.16 2 1
task-platform/internal/task/biz/project.go:392.16,394.3 1 0
task-platform/internal/task/biz/project.go:395.2,398.4 1 1
task-platform/internal/task/biz/task.go:29.169,37.2 1 1
task-platform/internal/task/biz/task.go:46.45,47.47 1 1
task-platform/internal/task/biz/task.go:47.47,48.18 1 1
task-platform/internal/task/biz/task.go:48.18,50.4 1 1
task-platform/internal/task/biz/task.go:52.2,52.14 1 1
task-platform/internal/task/biz/task.go:55.115,56.35 1 1
task-platform/internal/task/biz/task.go:56.35,58.3 1 1
task-platform/internal/task/biz/task.go:60.2,61.16 2 1
task-platform/internal/task/biz/task.go:61.16,63.3 1 1
task-platform/internal/task/biz/task.go:64.2,64.50 1 1
task-platform/internal/task/biz/task.go:64.50,66.3 1 1
task-platform/internal/task/biz/task.go:67.2,77.53 3 1
task-platform/internal/task/biz/task.go:77.53,79.3 1 0
task-platform/internal/task/biz/task.go:80.2,80.18 1 1
task-platform/internal/task/biz/task.go:83.93,85.16 2 1
task-platform/internal/task/biz/task.go:85.16,87.3 1 0
task-platform/internal/task/biz/task.go:89.2,90.16 2 1
task-platform/internal/task/biz/task.go:90.16,92.3 1 0
task-platform/internal/task/biz/task.go:93.2,93.19 1 1
task-platform/internal/task/biz/task.go:93.19,95.3 1 1
task-platform/internal/task/biz/task.go:97.2,97.18 1 1
task-platform/internal/task/biz/task.go:100.159,101.50 1 1
task-platform/internal/task/biz/task.go:101.50,103.3 1 0
task-platform/internal/task/biz/task.go:105.2,106.16 2 1
task-platform/internal/task/biz/task.go:106.16,108.3 1 1
task-platform/internal/task/biz/task.go:110.2,110.66 1 1
task-platform/internal/task/biz/task.go:110.66,112.3 1 1
task-platform/internal/task/biz/task.go:114.2,115.17 2 1
task-platform/internal/task/biz/task.go:115.17,117.3 1 1
task-platform/internal/task/biz/task.go:118.2,120.19 3 1
task-platform/internal/task/biz/task.go:120.19,122.3 1 0
task-platform/internal/task/biz/task.go:123.2,125.57 2 1
task-platform/internal/task/biz/task.go:128.96,130.16 2 1
task-platform/internal/task/biz/task.go:130.16,132.3 1 0
task-platform/internal/task/biz/task.go:134.2,135.16 2 1
task-platform/internal/task/biz/task.go:135.16,137.3 1 0
task-platform/internal/task/biz/task.go:138.2,138.50 1 1
task-platform/internal/task/biz/task.go:138.50,140.3 1 0
task-platform/internal/task/biz/task.go:142.2,143.16 2 1
task-platform/internal/task/biz/task.go:143.16,145.3 1 0
task-platform/internal/task/biz/task.go:146.2,146.19 1 1
task-platform/internal/task/biz/task.go:146.19,148.3 1 0
task-platform/internal/task/biz/task.go:150.2,150.36 1 1
task-platform/internal/task/biz/task.go:150.36,151.33 1 1
task-platform/internal/task/biz/task.go:151.33,153.4 1 1
task-platform/internal/task/biz/task.go:154.3,154.41 1 1
task-platform/internal/task/biz/task.go:154.41,156.4 1 1
task-platform/internal/task/biz/task.go:159.2,159.39 1 1
task-platform/internal/task/biz/task.go:162.131,164.16 2 1
task-platform/internal/task/biz/task.go:164.16,166.3 1 0
task-platform/internal/task/biz/task.go:167.2,167.19 1 1
task-platform/internal/task/biz/task.go:167.19,169.3 1 1
task-platform/internal/task/biz/task.go:171.2,172.26 2 1
task-platform/internal/task/biz/task.go:172.26,174.3 1 1
task-platform/internal/task/biz/task.go:175.2,177.25 2 1
task-platform/internal/task/biz/task.go:177.25,179.17 2 1
task-platform/internal/task/biz/task.go:179.17,181.4 1 0
task-platform/internal/task/biz/task.go:182.3,182.59 1 1
task-platform/internal/task/biz/task.go:182.59,183.32 1 1
task-platform/internal/task/biz/task.go:183.32,185.5 1 1
task-platform/internal/task/biz/task.go:189.2,189.44 1 1
task-platform/internal/task/biz/task.go:189.44,191.3 1 0
task-platform/internal/task/biz/task.go:193.2,202.16 2 1
task-platform/internal/task/biz/task.go:202.16,204.3 1 0
task-platform/internal/task/biz/task.go:206.2,206.22 1 1
task-platform/internal/task/biz/task.go:206.22,208.17 2 1
task-platform/internal/task/biz/task.go:208.17,211.4 2 1
task-platform/internal/task/biz/task.go:214.2,214.31 1 1
task-platform/internal/task/biz/task.go:217.108,219.16 2 1
task-platform/internal/task/biz/task.go:219.16,221.3 1 0
task-platform/internal/task/biz/task.go:223.2,224.16 2 1
task-platform/internal/task/biz/task.go:224.16,226.3 1 0
task-platform/internal/task/biz/task.go:227.2,227.66 1 1
task-platform/internal/task/biz/task.go:227.66,229.3 1 1
task-platform/internal/task/biz/task.go:231.2,232.16 2 1
task-platform/internal/task/biz/task.go:232.16,234.3 1 0
task-platform/internal/task/biz/task.go:235.2,235.25 1 1
task-platform/internal/task/biz/task.go:235.25,237.3 1 1
task-platform/internal/task/biz/task.go:239.2,240.16 2 1
task-platform/internal/task/biz/task.go:240.16,242.3 1 0
task-platform/internal/task/biz/task.go:243.2,243.24 1 1
task-platform/internal/task/biz/task.go:243.24,245.3 1 1
task-platform/internal/task/biz/task.go:247.2,250.4 1 1
task-platform/internal/task/biz/task.go:253.131,255.16 2 1
task-platform/internal/task/biz/task.go:255.16,257.3 1 0
task-platform/internal/task/biz/task.go:259.2,260.16 2 1
task-platform/internal/task/biz/task.go:260.16,262.3 1 0
task-platform/internal/task/biz/task.go:263.2,263.66 1 1
task-platform/internal/task/biz/task.go:263.66,265.3 1 1
task-platform/internal/task/biz/task.go:267.2,267.27 1 1
task-platform/internal/task/biz/task.go:267.27,269.3 1 1
task-platform/internal/task/biz/task.go:270.2,270.45 1 1
task-platform/internal/task/biz/task.go:270.45,272.3 1 1
task-platform/internal/task/biz/task.go:274.2,277.4 1 1
task-platform/internal/task/biz/task.go:280.107,282.16 2 1
task-platform/internal/task/biz/task.go:282.16,284.3 1 0
task-platform/internal/task/biz/task.go:286.2,287.16 2 1
task-platform/internal/task/biz/task.go:287.16,289.3 1 0
task-platform/internal/task/biz/task.go:290.2,290.50 1 1
task-platform/internal/task/biz/task.go:290.50,292.3 1 1
task-platform/internal/task/biz/task.go:294.2,295.16 2 1
task-platform/internal/task/biz/task.go:295.16,297.3 1 0
task-platform/internal/task/biz/task.go:298.2,298.19 1 1
task-platform/internal/task/biz/task.go:298.19,300.3 1 0
task-platform/internal/task/biz/task.go:302.2,302.18 1 1
task-platform/internal/task/biz/task.go:305.99,307.16 2 1
task-platform/internal/task/biz/task.go:307.16,309.3 1 0
task-platform/internal/task/biz/task.go:310.2,310.66 1 1
task-platform/internal/task/biz/task.go:310.66,312.3 1 1
task-platform/internal/task/biz/task.go:313.2,313.12 1 1
task-platform/internal/task/biz/task.go:316.132,318.16 2 1
task-platform/internal/task/biz/task.go:318.16,320.3 1 0
task-platform/internal/task/biz/task.go:322.2,322.50 1 1
task-platform/internal/task/biz/task.go:322.50,324.17 2 1
task-platform/internal/task/biz/task.go:324.17,326.4 1 0
task-platform/internal/task/biz/task.go:327.3,327.20 1 1
task-platform/internal/task/biz/task.go:327.20,329.4 1 0
task-platform/internal/task/biz/task.go:330.3,330.30 1 1
task-platform/internal/task/biz/task.go:333.2,334.16 2 1
task-platform/internal/task/biz/task.go:334.16,336.3 1 0
task-platform/internal/task/biz/task.go:337.2,337.19 1 1
task-platform/internal/task/biz/task.go:337.19,339.3 1 1
task-platform/internal/task/biz/task.go:341.2,341.29 1 1
