mode: set
task-platform/internal/task/server/server.go:34.29,43.2 1 1
task-platform/internal/task/server/server.go:45.55,46.80 1 1
task-platform/internal/task/server/server.go:46.80,48.3 1 1
task-platform/internal/task/server/server.go:50.2,51.16 2 0
task-platform/internal/task/server/server.go:51.16,53.3 1 0
task-platform/internal/task/server/server.go:55.2,56.16 2 0
task-platform/internal/task/server/server.go:56.16,58.3 1 0
task-platform/internal/task/server/server.go:60.2,76.24 10 0
task-platform/internal/task/server/server.go:79.75,80.112 1 1
task-platform/internal/task/server/server.go:80.112,82.10 2 1
task-platform/internal/task/server/server.go:82.10,84.4 1 1
task-platform/internal/task/server/server.go:86.3,87.29 2 1
task-platform/internal/task/server/server.go:87.29,89.4 1 1
task-platform/internal/task/server/server.go:91.3,91.41 1 1
task-platform/internal/task/server/server.go:91.41,94.38 3 1
task-platform/internal/task/server/server.go:94.38,96.5 1 1
task-platform/internal/task/server/server.go:97.4,98.45 2 1
task-platform/internal/task/server/server.go:101.3,101.27 1 1
task-platform/internal/task/server/server.go:105.53,107.20 2 1
task-platform/internal/task/server/server.go:107.20,109.3 1 1
task-platform/internal/task/server/server.go:110.2,110.16 1 1
task-platform/internal/task/server/server.go:113.89,114.153 1 1
task-platform/internal/task/server/server.go:114.153,116.16 2 1
task-platform/internal/task/server/server.go:116.16,118.4 1 0
task-platform/internal/task/server/server.go:119.3,120.88 2 1
task-platform/internal/task/server/server.go:123.2,127.16 2 1
task-platform/internal/task/server/server.go:127.16,129.3 1 0
task-platform/internal/task/server/server.go:131.2,131.47 1 1
task-platform/internal/task/server/server.go:138.93,140.15 2 1
task-platform/internal/task/server/server.go:140.15,142.3 1 1
task-platform/internal/task/server/server.go:143.2,147.16 4 1
task-platform/internal/task/server/server.go:147.16,149.34 2 1
task-platform/internal/task/server/server.go:149.34,151.4 1 1
task-platform/internal/task/server/server.go:152.3,152.27 1 0
task-platform/internal/task/server/server.go:154.2,154.40 1 1
task-platform/internal/task/server/server.go:159.59,160.17 1 1
task-platform/internal/task/server/server.go:160.17,162.3 1 1
task-platform/internal/task/server/server.go:163.2,163.58 1 1
task-platform/internal/task/server/server.go:163.58,165.3 1 1
task-platform/internal/task/server/server.go:166.2,166.25 1 1
task-platform/internal/task/server/server.go:166.25,168.3 1 1
task-platform/internal/task/server/server.go:169.2,169.12 1 1
task-platform/internal/task/server/server.go:172.50,173.34 1 1
task-platform/internal/task/server/server.go:173.34,175.3 1 1
task-platform/internal/task/server/server.go:176.2,176.19 1 1
task-platform/internal/task/data/model.go:21.35,23.2 1 1
task-platform/internal/task/data/model.go:34.41,36.2 1 1
task-platform/internal/task/data/model.go:47.43,50.2 2 0
task-platform/internal/task/data/repository.go:32.58,34.2 1 1
task-platform/internal/task/data/repository.go:36.56,38.2 1 1
task-platform/internal/task/data/repository.go:40.75,42.16 2 1
task-platform/internal/task/data/repository.go:42.16,43.53 1 1
task-platform/internal/task/data/repository.go:43.53,45.4 1 1
task-platform/internal/task/data/repository.go:46.3,46.67 1 0
task-platform/internal/task/data/repository.go:48.2,48.12 1 1
task-platform/internal/task/data/repository.go:51.82,54.44 3 1
task-platform/internal/task/data/repository.go:54.44,56.3 1 1
task-platform/internal/task/data/repository.go:57.2,57.16 1 1
task-platform/internal/task/data/repository.go:57.16,59.3 1 0
task-platform/internal/task/data/repository.go:60.2,60.16 1 1
task-platform/internal/task/data/repository.go:63.119,67.25 2 1
task-platform/internal/task/data/repository.go:67.25,69.3 1 0
task-platform/internal/task/data/repository.go:70.2,70.30 1 1
task-platform/internal/task/data/repository.go:70.30,72.3 1 1
task-platform/internal/task/data/repository.go:73.2,73.28 1 1
task-platform/internal/task/data/repository.go:76.135,82.22 2 1
task-platform/internal/task/data/repository.go:82.22,84.3 1 1
task-platform/internal/task/data/repository.go:86.2,90.16 3 1
task-platform/internal/task/data/repository.go:90.16,92.3 1 0
task-platform/internal/task/data/repository.go:93.2,93.22 1 1
task-platform/internal/task/data/repository.go:96.76,98.16 2 1
task-platform/internal/task/data/repository.go:98.16,99.53 1 1
task-platform/internal/task/data/repository.go:99.53,101.4 1 1
task-platform/internal/task/data/repository.go:102.3,102.63 1 0
task-platform/internal/task/data/repository.go:104.2,104.12 1 1
task-platform/internal/task/data/repository.go:107.82,111.25 2 1
task-platform/internal/task/data/repository.go:111.25,113.3 1 0
task-platform/internal/task/data/repository.go:114.2,114.30 1 1
task-platform/internal/task/data/repository.go:114.30,116.3 1 1
task-platform/internal/task/data/repository.go:117.2,117.12 1 1
task-platform/internal/task/data/repository.go:120.114,123.44 3 1
task-platform/internal/task/data/repository.go:123.44,125.3 1 1
task-platform/internal/task/data/repository.go:126.2,126.16 1 1
task-platform/internal/task/data/repository.go:126.16,128.3 1 0
task-platform/internal/task/data/repository.go:129.2,129.16 1 1
task-platform/internal/task/data/repository.go:132.101,135.16 3 1
task-platform/internal/task/data/repository.go:135.16,137.3 1 0
task-platform/internal/task/data/repository.go:138.2,138.21 1 1
task-platform/internal/task/data/repository.go:141.116,145.25 2 1
task-platform/internal/task/data/repository.go:145.25,147.3 1 0
task-platform/internal/task/data/repository.go:148.2,148.30 1 1
task-platform/internal/task/data/repository.go:148.30,150.3 1 0
task-platform/internal/task/data/repository.go:151.2,151.55 1 1
task-platform/internal/task/data/repository.go:154.104,157.44 3 1
task-platform/internal/task/data/repository.go:157.44,159.3 1 0
task-platform/internal/task/data/repository.go:160.2,160.16 1 1
task-platform/internal/task/data/repository.go:160.16,162.3 1 0
task-platform/internal/task/data/repository.go:163.2,163.16 1 1
task-platform/internal/task/biz/project.go:23.145,30.2 1 1
task-platform/internal/task/biz/project.go:32.116,33.36 1 1
task-platform/internal/task/biz/project.go:33.36,35.3 1 1
task-platform/internal/task/biz/project.go:37.2,38.67 2 1
task-platform/internal/task/biz/project.go:38.67,44.70 2 1
task-platform/internal/task/biz/project.go:44.70,46.4 1 0
task-platform/internal/task/biz/project.go:48.3,53.66 2 1
task-platform/internal/task/biz/project.go:53.66,55.4 1 0
task-platform/internal/task/biz/project.go:57.3,58.13 2 1
task-platform/internal/task/biz/project.go:60.2,60.16 1 1
task-platform/internal/task/biz/project.go:60.16,62.3 1 0
task-platform/internal/task/biz/project.go:63.2,63.21 1 1
task-platform/internal/task/biz/project.go:66.105,68.16 2 1
task-platform/internal/task/biz/project.go:68.16,70.3 1 0
task-platform/internal/task/biz/project.go:72.2,73.16 2 1
task-platform/internal/task/biz/project.go:73.16,75.3 1 0
task-platform/internal/task/biz/project.go:76.2,76.19 1 1
task-platform/internal/task/biz/project.go:76.19,78.3 1 1
task-platform/internal/task/biz/project.go:80.2,80.21 1 1
task-platform/internal/task/biz/project.go:83.142,84.50 1 1
task-platform/internal/task/biz/project.go:84.50,86.3 1 0
task-platform/internal/task/biz/project.go:88.2,89.16 2 1
task-platform/internal/task/biz/project.go:89.16,91.3 1 0
task-platform/internal/task/biz/project.go:93.2,93.35 1 1
task-platform/internal/task/biz/project.go:93.35,95.3 1 1
task-platform/internal/task/biz/project.go:96.2,96.50 1 1
task-platform/internal/task/biz/project.go:96.50,98.3 1 1
task-platform/internal/task/biz/project.go:100.2,101.16 2 1
task-platform/internal/task/biz/project.go:101.16,103.3 1 1
task-platform/internal/task/biz/project.go:104.2,107.63 3 1
task-platform/internal/task/biz/project.go:110.109,112.16 2 1
task-platform/internal/task/biz/project.go:112.16,114.3 1 0
task-platform/internal/task/biz/project.go:115.2,115.35 1 1
task-platform/internal/task/biz/project.go:115.35,117.3 1 1
task-platform/internal/task/biz/project.go:119.2,119.71 1 1
task-platform/internal/task/biz/project.go:122.111,124.16 2 1
task-platform/internal/task/biz/project.go:124.16,126.3 1 1
task-platform/internal/task/biz/project.go:127.2,127.35 1 1
task-platform/internal/task/biz/project.go:127.35,129.3 1 0
task-platform/internal/task/biz/project.go:131.2,131.69 1 1
task-platform/internal/task/biz/project.go:134.126,135.30 1 1
task-platform/internal/task/biz/project.go:135.30,137.3 1 1
task-platform/internal/task/biz/project.go:139.2,140.16 2 1
task-platform/internal/task/biz/project.go:140.16,142.3 1 0
task-platform/internal/task/biz/project.go:143.2,143.50 1 1
task-platform/internal/task/biz/project.go:143.50,145.3 1 1
task-platform/internal/task/biz/project.go:146.2,146.35 1 1
task-platform/internal/task/biz/project.go:146.35,148.3 1 1
task-platform/internal/task/biz/project.go:150.2,151.16 2 1
task-platform/internal/task/biz/project.go:151.16,153.3 1 0
task-platform/internal/task/biz/project.go:154.2,154.25 1 1
task-platform/internal/task/biz/project.go:154.25,156.3 1 1
task-platform/internal/task/biz/project.go:158.2,159.16 2 1
task-platform/internal/task/biz/project.go:159.16,161.3 1 0
task-platform/internal/task/biz/project.go:162.2,162.24 1 1
task-platform/internal/task/biz/project.go:162.24,164.3 1 0
task-platform/internal/task/biz/project.go:166.2,166.66 1 1
task-platform/internal/task/biz/project.go:166.66,173.18 3 1
task-platform/internal/task/biz/project.go:173.18,175.4 1 0
task-platform/internal/task/biz/project.go:177.3,177.92 1 1
task-platform/internal/task/biz/project.go:177.92,179.4 1 0
task-platform/internal/task/biz/project.go:181.3,181.96 1 1
task-platform/internal/task/biz/project.go:181.96,183.4 1 0
task-platform/internal/task/biz/project.go:185.3,185.13 1 1
task-platform/internal/task/biz/project.go:187.2,187.16 1 1
task-platform/internal/task/biz/project.go:187.16,189.3 1 0
task-platform/internal/task/biz/project.go:191.2,191.47 1 1
task-platform/internal/task/biz/project.go:194.143,195.55 1 1
task-platform/internal/task/biz/project.go:195.55,197.3 1 1
task-platform/internal/task/biz/project.go:199.2,200.16 2 1
task-platform/internal/task/biz/project.go:200.16,202.3 1 0
task-platform/internal/task/biz/project.go:203.2,203.50 1 1
task-platform/internal/task/biz/project.go:203.50,205.3 1 1
task-platform/internal/task/biz/project.go:207.2,207.27 1 1
task-platform/internal/task/biz/project.go:208.22,208.22 0 1
task-platform/internal/task/biz/project.go:209.22,210.30 1 1
task-platform/internal/task/biz/project.go:210.30,212.4 1 1
task-platform/internal/task/biz/project.go:213.10,214.87 1 1
task-platform/internal/task/biz/project.go:217.2,218.16 2 1
task-platform/internal/task/biz/project.go:218.16,220.3 1 0
task-platform/internal/task/biz/project.go:221.2,221.24 1 1
task-platform/internal/task/biz/project.go:221.24,223.3 1 1
task-platform/internal/task/biz/project.go:225.2,230.54 2 1
task-platform/internal/task/biz/project.go:230.54,232.3 1 0
task-platform/internal/task/biz/project.go:233.2,233.20 1 1
task-platform/internal/task/biz/project.go:236.134,238.16 2 1
task-platform/internal/task/biz/project.go:238.16,240.3 1 0
task-platform/internal/task/biz/project.go:241.2,241.50 1 1
task-platform/internal/task/biz/project.go:241.50,243.3 1 1
task-platform/internal/task/biz/project.go:245.2,245.30 1 1
task-platform/internal/task/biz/project.go:245.30,247.3 1 1
task-platform/internal/task/biz/project.go:249.2,250.16 2 1
task-platform/internal/task/biz/project.go:250.16,252.3 1 0
task-platform/internal/task/biz/project.go:253.2,253.25 1 1
task-platform/internal/task/biz/project.go:253.25,255.3 1 1
task-platform/internal/task/biz/project.go:257.2,257.27 1 1
task-platform/internal/task/biz/project.go:258.22,258.22 0 1
task-platform/internal/task/biz/project.go:259.22,260.81 1 1
task-platform/internal/task/biz/project.go:260.81,262.4 1 1
task-platform/internal/task/biz/project.go:263.10,264.90 1 1
task-platform/internal/task/biz/project.go:267.2,267.74 1 1
task-platform/internal/task/biz/project.go:267.74,269.3 1 0
task-platform/internal/task/biz/project.go:270.2,270.26 1 1
task-platform/internal/task/biz/project.go:273.150,274.55 1 1
task-platform/internal/task/biz/project.go:274.55,276.3 1 0
task-platform/internal/task/biz/project.go:278.2,279.16 2 1
task-platform/internal/task/biz/project.go:279.16,281.3 1 0
task-platform/internal/task/biz/project.go:282.2,282.50 1 1
task-platform/internal/task/biz/project.go:282.50,284.3 1 1
task-platform/internal/task/biz/project.go:285.2,285.41 1 1
task-platform/internal/task/biz/project.go:285.41,287.3 1 1
task-platform/internal/task/biz/project.go:289.2,290.16 2 1
task-platform/internal/task/biz/project.go:290.16,292.3 1 0
task-platform/internal/task/biz/project.go:293.2,293.25 1 1
task-platform/internal/task/biz/project.go:293.25,295.3 1 1
task-platform/internal/task/biz/project.go:296.2,296.41 1 1
task-platform/internal/task/biz/project.go:296.41,298.3 1 0
task-platform/internal/task/biz/project.go:300.2,300.68 1 1
task-platform/internal/task/biz/project.go:303.113,305.16 2 1
task-platform/internal/task/biz/project.go:305.16,307.3 1 0
task-platform/internal/task/biz/project.go:308.2,308.19 1 1
task-platform/internal/task/biz/project.go:308.19,310.3 1 1
task-platform/internal/task/biz/project.go:311.2,311.35 1 1
task-platform/internal/task/biz/project.go:311.35,313.3 1 1
task-platform/internal/task/biz/project.go:315.2,316.16 2 1
task-platform/internal/task/biz/project.go:316.16,318.3 1 0
task-platform/internal/task/biz/project.go:319.2,319.50 1 1
task-platform/internal/task/biz/project.go:319.50,321.3 1 1
task-platform/internal/task/biz/project.go:323.2,323.70 1 1
task-platform/internal/task/biz/project.go:323.70,325.3 1 0
task-platform/internal/task/biz/project.go:326.2,326.20 1 1
task-platform/internal/task/biz/project.go:329.121,330.69 1 1
task-platform/internal/task/biz/project.go:330.69,332.3 1 1
task-platform/internal/task/biz/project.go:333.2,333.51 1 1
task-platform/internal/task/biz/project.go:336.109,338.16 2 1
task-platform/internal/task/biz/project.go:338.16,340.3 1 0
task-platform/internal/task/biz/project.go:341.2,341.19 1 1
task-platform/internal/task/biz/project.go:341.19,343.3 1 1
task-platform/internal/task/biz/project.go:344.2,344.31 1 1
task-platform/internal/task/biz/project.go:347.139,348.30 1 1
task-platform/internal/task/biz/project.go:348.30,350.3 1 1
task-platform/internal/task/biz/project.go:351.2,351.16 1 1
task-platform/internal/task/biz/project.go:351.16,353.3 1 0
task-platform/internal/task/biz/project.go:354.2,354.84 1 1
task-platform/internal/task/biz/project.go:357.135,359.16 2 1
task-platform/internal/task/biz/project.go:359.16,361.3 1 0
task-platform/internal/task/biz/project.go:363.2,363.50 1 1
task-platform/internal/task/biz/project.go:363.50,365.17 2 1
task-platform/internal/task/biz/project.go:365.17,367.4 1 0
task-platform/internal/task/biz/project.go:368.3,368.20 1 1
task-platform/internal/task/biz/project.go:368.20,370.4 1 1
task-platform/internal/task/biz/project.go:371.3,371.30 1 1
task-platform/internal/task/biz/project.go:374.2,375.16 2 1
task-platform/internal/task/biz/project.go:375.16,377.3 1 0
task-platform/internal/task/biz/project.go:378.2,378.19 1 1
task-platform/internal/task/biz/project.go:378.19,380.3 1 1
task-platform/internal/task/biz/project.go:382.2,382.29 1 1
task-platform/internal/task/biz/project.go:385.114,388.2 2 1
task-platform/internal/task/biz/project.go:390.115,392.16 2 1
task-platform/internal/task/biz/project.go:392.16,394.3 1 0
task-platform/internal/task/biz/project.go:395.2,398.4 1 1
task-platform/internal/task/service/context.go:12.44,15.2 2 1
task-platform/internal/task/service/context.go:17.46,20.2 2 1
task-platform/internal/task/service/context.go:22.69,24.2 1 1
task-platform/internal/task/service/context.go:26.73,28.2 1 1
task-platform/internal/task/service/service.go:35.53,37.2 1 1
task-platform/internal/task/service/service.go:39.131,41.20 2 1
task-platform/internal/task/service/service.go:41.20,43.3 1 1
task-platform/internal/task/service/service.go:45.2,46.16 2 1
task-platform/internal/task/service/service.go:46.16,48.3 1 1
task-platform/internal/task/service/service.go:49.2,49.77 1 1
task-platform/internal/task/service/service.go:52.131,54.16 2 1
task-platform/internal/task/service/service.go:54.16,56.3 1 0
task-platform/internal/task/service/service.go:57.2,57.77 1 1
task-platform/internal/task/service/service.go:60.134,62.16 2 1
task-platform/internal/task/service/service.go:62.16,64.3 1 0
task-platform/internal/task/service/service.go:65.2,65.78 1 1
task-platform/internal/task/service/service.go:68.140,70.16 2 1
task-platform/internal/task/service/service.go:70.16,72.3 1 0
task-platform/internal/task/service/service.go:73.2,73.80 1 1
task-platform/internal/task/service/service.go:76.164,78.16 2 1
task-platform/internal/task/service/service.go:78.16,80.3 1 0
task-platform/internal/task/service/service.go:81.2,81.88 1 1
task-platform/internal/task/service/service.go:84.128,86.16 2 1
task-platform/internal/task/service/service.go:86.16,88.3 1 0
task-platform/internal/task/service/service.go:89.2,90.29 2 1
task-platform/internal/task/service/service.go:90.29,92.3 1 1
task-platform/internal/task/service/service.go:93.2,93.67 1 1
task-platform/internal/task/service/service.go:96.122,98.16 2 1
task-platform/internal/task/service/service.go:98.16,100.3 1 1
task-platform/internal/task/service/service.go:101.2,101.74 1 1
task-platform/internal/task/service/service.go:104.140,106.16 2 1
task-platform/internal/task/service/service.go:106.16,108.3 1 0
task-platform/internal/task/service/service.go:109.2,109.77 1 1
task-platform/internal/task/service/service.go:112.149,114.16 2 1
task-platform/internal/task/service/service.go:114.16,116.3 1 0
task-platform/internal/task/service/service.go:117.2,117.80 1 1
task-platform/internal/task/service/service.go:120.161,122.16 2 1
task-platform/internal/task/service/service.go:122.16,124.3 1 0
task-platform/internal/task/service/service.go:125.2,125.84 1 1
task-platform/internal/task/service/service.go:128.128,130.16 2 1
task-platform/internal/task/service/service.go:130.16,132.3 1 0
task-platform/internal/task/service/service.go:133.2,133.73 1 1
task-platform/internal/task/service/service.go:136.146,138.16 2 1
task-platform/internal/task/service/service.go:138.16,140.3 1 0
task-platform/internal/task/service/service.go:141.2,142.28 2 1
task-platform/internal/task/service/service.go:142.28,144.3 1 1
task-platform/internal/task/service/service.go:145.2,145.71 1 1
task-platform/internal/task/service/service.go:148.146,150.16 2 1
task-platform/internal/task/service/service.go:150.16,152.3 1 1
task-platform/internal/task/service/service.go:153.2,153.80 1 1
task-platform/internal/task/service/service.go:156.46,158.2 1 1
task-platform/internal/task/service/service.go:160.54,169.2 1 1
task-platform/internal/task/service/service.go:171.65,178.2 1 1
